AOMQTT policy control message
  target topic:  aomqtt/control/e5-T072414Z/policy
  group_id:      e5-T072414Z
  policy_id:     e5_overlap5_fixed512_auto_s2
  policy_name:   e5_overlap5_fixed512_auto_s2
  issued_at:     1790753147.592
  valid_from:    1790753149.592
  valid_after:   1.999s
  grace_period:  5.000s
  sequence_no:   2
  expires_at:    1790756747.591845
  signed:        yes
{
  "expires_at": 1790756747.591845,
  "grace_period_sec": 5.0,
  "group_id": "e5-T072414Z",
  "issued_at": 1790753147.591845,
  "policy": {
    "id": "e5_overlap5_fixed512_auto_s2",
    "name": "e5_overlap5_fixed512_auto_s2",
    "padding": {
      "bucket_size": null,
      "enabled": true,
      "fixed_size": 512,
      "mode": "fixed",
      "random_max_bytes": null,
      "random_min_bytes": null
    },
    "qos": 1,
    "retain": false,
    "rotation": {
      "enabled": true,
      "interval_sec": 30,
      "overlap_sec": 3
    },
    "token_mode": "whole"
  },
  "schema_version": "aomqtt-policy-v1",
  "sequence_no": 2,
  "signature": {
    "algorithm": "Ed25519",
    "key_id": "policy-signing-key-1",
    "value": "Ne7edtxRJHOJyy/WabiVm1ZXQ+IAgV/lySRvJ460Upp+3ze54OZCN8UElQjFjApGfCta1YOk1OjeSWaqEMWJBw=="
  },
  "valid_from": 1790753149.591845
}
published control policy: rc=0 mid=1
{
  "metrics": {
    "avg_publish_complete_ms": 0.3801929786623943,
    "avg_delivery_latency_ms": 0.5974068361170152,
    "loss_rate": 0.0,
    "duplicate_rate": 0.117647058824,
    "decrypt_success_rate": 1.0,
    "avg_payload_total_overhead_bytes": 679.1047619047619,
    "reconnect_count": 0,
    "publisher_rows": 105,
    "subscriber_rows": 102
  },
  "decision": {
    "action": "decrease_overlap",
    "reason": "duplicate_rate is above threshold: 0.117647058824 > 0.1",
    "changes": {
      "rotation.overlap_sec": "-2"
    }
  },
  "generated_policy_id": "e5_overlap5_fixed512_auto_s2",
  "output_policy_path": "/home/ogawa/aomqtt-paper-artifact/results/e5/e5-20260930T072414Z/generated_policy.yaml",
  "tracker_summary": "Policy deployment status\npolicy_id: e5_overlap5_fixed512_auto_s2\nsequence_no: 2\n\nclient_id            role         ACK        STATUS     reason_code        reason\n------------------------------------------------------------------------------------------------\ne5-pub-T072414Z      publisher    accepted   applied    -                  -\ne5-sub-T072414Z      subscriber   accepted   applied    -                  -"
}

Policy deployment status
policy_id: e5_overlap5_fixed512_auto_s2
sequence_no: 2

client_id            role         ACK        STATUS     reason_code        reason
------------------------------------------------------------------------------------------------
e5-pub-T072414Z      publisher    accepted   applied    -                  -
e5-sub-T072414Z      subscriber   accepted   applied    -                  -
