policy id:           e5_overlap5_fixed512
policy name:         e5_overlap5_fixed512
token mode:          whole
rotation enabled:    True
rotation interval:   30s
rotation overlap:    5s
mqtt qos:            1
pacing mode:         fixed-rate
configured interval: 1.0s
policy file:         /home/ogawa/aomqtt-paper-artifact/evaluation/source/e5/e5_initial_policy.yaml
padding enabled:     True
padding mode:        fixed
current epoch:       59691755
plaintext topic:     e5/siteA/closedloop
token topic current: aomqtt/v1/t/075f301708dc4fb6
experiment id:       aomqtt-e5-closed-loop
run id:              e5-20260930T071740Z
metrics csv:         /home/ogawa/aomqtt-paper-artifact/results/e5/e5-20260930T071740Z/raw/publisher_metrics.csv
experiment config:   /home/ogawa/aomqtt-paper-artifact/results/e5/e5-20260930T071740Z/raw/publisher_experiment_config.json
control topic:       aomqtt/control/e5-T071740Z/policy
control group id:    e5-T071740Z
published {"message_id": "e5-pub-T071740Z:e5-20260930T071740Z:0", "seq": 0, "metric": "rtt", "value": 42.1, "timestamp": 1790752662.9161394} mqtt_messages=1 success=1/1 avg_publish_complete_ms=0.425 padding_added=391 epoch_state=59691755
published {"message_id": "e5-pub-T071740Z:e5-20260930T071740Z:1", "seq": 1, "metric": "rtt", "value": 43.1, "timestamp": 1790752663.9162695} mqtt_messages=1 success=1/1 avg_publish_complete_ms=0.474 padding_added=391 epoch_state=59691755
published {"message_id": "e5-pub-T071740Z:e5-20260930T071740Z:2", "seq": 2, "metric": "rtt", "value": 44.1, "timestamp": 1790752664.9162765} mqtt_messages=1 success=1/1 avg_publish_complete_ms=0.464 padding_added=391 epoch_state=59691755
published {"message_id": "e5-pub-T071740Z:e5-20260930T071740Z:3", "seq": 3, "metric": "rtt", "value": 45.1, "timestamp": 1790752665.9162602} mqtt_messages=1 success=1/1 avg_publish_complete_ms=0.386 padding_added=391 epoch_state=59691755
published {"message_id": "e5-pub-T071740Z:e5-20260930T071740Z:4", "seq": 4, "metric": "rtt", "value": 46.1, "timestamp": 1790752666.9162867} mqtt_messages=1 success=1/1 avg_publish_complete_ms=0.396 padding_added=391 epoch_state=59691755
published {"message_id": "e5-pub-T071740Z:e5-20260930T071740Z:5", "seq": 5, "metric": "rtt", "value": 47.1, "timestamp": 1790752667.9162648} mqtt_messages=1 success=1/1 avg_publish_complete_ms=0.363 padding_added=391 epoch_state=59691755
published {"message_id": "e5-pub-T071740Z:e5-20260930T071740Z:6", "seq": 6, "metric": "rtt", "value": 48.1, "timestamp": 1790752668.9162652} mqtt_messages=1 success=1/1 avg_publish_complete_ms=0.393 padding_added=391 epoch_state=59691755
published {"message_id": "e5-pub-T071740Z:e5-20260930T071740Z:7", "seq": 7, "metric": "rtt", "value": 49.1, "timestamp": 1790752669.9162822} mqtt_messages=1 success=1/1 avg_publish_complete_ms=0.362 padding_added=391 epoch_state=59691755
published {"message_id": "e5-pub-T071740Z:e5-20260930T071740Z:8", "seq": 8, "metric": "rtt", "value": 50.1, "timestamp": 1790752670.916269} mqtt_messages=1 success=1/1 avg_publish_complete_ms=0.361 padding_added=392 epoch_state=59691755
published {"message_id": "e5-pub-T071740Z:e5-20260930T071740Z:9", "seq": 9, "metric": "rtt", "value": 51.1, "timestamp": 1790752671.916263} mqtt_messages=1 success=1/1 avg_publish_complete_ms=0.355 padding_added=392 epoch_state=59691755
published {"message_id": "e5-pub-T071740Z:e5-20260930T071740Z:10", "seq": 10, "metric": "rtt", "value": 52.1, "timestamp": 1790752672.9162576} mqtt_messages=1 success=1/1 avg_publish_complete_ms=0.358 padding_added=389 epoch_state=59691755
published {"message_id": "e5-pub-T071740Z:e5-20260930T071740Z:11", "seq": 11, "metric": "rtt", "value": 53.1, "timestamp": 1790752673.9162629} mqtt_messages=1 success=1/1 avg_publish_complete_ms=0.387 padding_added=389 epoch_state=59691755
published {"message_id": "e5-pub-T071740Z:e5-20260930T071740Z:12", "seq": 12, "metric": "rtt", "value": 54.1, "timestamp": 1790752674.9162717} mqtt_messages=1 success=1/1 avg_publish_complete_ms=0.443 padding_added=389 epoch_state=59691755
published {"message_id": "e5-pub-T071740Z:e5-20260930T071740Z:13", "seq": 13, "metric": "rtt", "value": 55.1, "timestamp": 1790752675.9162774} mqtt_messages=1 success=1/1 avg_publish_complete_ms=0.378 padding_added=389 epoch_state=59691755
published {"message_id": "e5-pub-T071740Z:e5-20260930T071740Z:14", "seq": 14, "metric": "rtt", "value": 56.1, "timestamp": 1790752676.9162815} mqtt_messages=1 success=1/1 avg_publish_complete_ms=0.463 padding_added=389 epoch_state=59691755
published {"message_id": "e5-pub-T071740Z:e5-20260930T071740Z:15", "seq": 15, "metric": "rtt", "value": 57.1, "timestamp": 1790752677.9162767} mqtt_messages=1 success=1/1 avg_publish_complete_ms=0.401 padding_added=389 epoch_state=59691755
published {"message_id": "e5-pub-T071740Z:e5-20260930T071740Z:16", "seq": 16, "metric": "rtt", "value": 58.1, "timestamp": 1790752678.9162657} mqtt_messages=1 success=1/1 avg_publish_complete_ms=0.386 padding_added=389 epoch_state=59691755
published {"message_id": "e5-pub-T071740Z:e5-20260930T071740Z:17", "seq": 17, "metric": "rtt", "value": 59.1, "timestamp": 1790752679.9162772} mqtt_messages=1 success=1/1 avg_publish_complete_ms=0.370 padding_added=389 epoch_state=59691755
published {"message_id": "e5-pub-T071740Z:e5-20260930T071740Z:18", "seq": 18, "metric": "rtt", "value": 60.1, "timestamp": 1790752680.9162865} mqtt_messages=2 success=2/2 avg_publish_complete_ms=0.332 padding_added=778 epoch_state=59691756
published {"message_id": "e5-pub-T071740Z:e5-20260930T071740Z:19", "seq": 19, "metric": "rtt", "value": 61.1, "timestamp": 1790752681.9162877} mqtt_messages=2 success=2/2 avg_publish_complete_ms=0.377 padding_added=778 epoch_state=59691756
published {"message_id": "e5-pub-T071740Z:e5-20260930T071740Z:20", "seq": 20, "metric": "rtt", "value": 62.1, "timestamp": 1790752682.9162972} mqtt_messages=2 success=2/2 avg_publish_complete_ms=0.376 padding_added=778 epoch_state=59691756
published {"message_id": "e5-pub-T071740Z:e5-20260930T071740Z:21", "seq": 21, "metric": "rtt", "value": 63.1, "timestamp": 1790752683.9162626} mqtt_messages=2 success=2/2 avg_publish_complete_ms=0.368 padding_added=778 epoch_state=59691756
published {"message_id": "e5-pub-T071740Z:e5-20260930T071740Z:22", "seq": 22, "metric": "rtt", "value": 64.1, "timestamp": 1790752684.9162793} mqtt_messages=2 success=2/2 avg_publish_complete_ms=0.409 padding_added=778 epoch_state=59691756
published {"message_id": "e5-pub-T071740Z:e5-20260930T071740Z:23", "seq": 23, "metric": "rtt", "value": 65.1, "timestamp": 1790752685.9162633} mqtt_messages=1 success=1/1 avg_publish_complete_ms=0.372 padding_added=389 epoch_state=59691756
published {"message_id": "e5-pub-T071740Z:e5-20260930T071740Z:24", "seq": 24, "metric": "rtt", "value": 66.1, "timestamp": 1790752686.9162817} mqtt_messages=1 success=1/1 avg_publish_complete_ms=0.393 padding_added=389 epoch_state=59691756
published {"message_id": "e5-pub-T071740Z:e5-20260930T071740Z:25", "seq": 25, "metric": "rtt", "value": 67.1, "timestamp": 1790752687.916263} mqtt_messages=1 success=1/1 avg_publish_complete_ms=0.354 padding_added=390 epoch_state=59691756
published {"message_id": "e5-pub-T071740Z:e5-20260930T071740Z:26", "seq": 26, "metric": "rtt", "value": 68.1, "timestamp": 1790752688.9162822} mqtt_messages=1 success=1/1 avg_publish_complete_ms=0.383 padding_added=389 epoch_state=59691756
published {"message_id": "e5-pub-T071740Z:e5-20260930T071740Z:27", "seq": 27, "metric": "rtt", "value": 69.1, "timestamp": 1790752689.9162643} mqtt_messages=1 success=1/1 avg_publish_complete_ms=0.356 padding_added=389 epoch_state=59691756
published {"message_id": "e5-pub-T071740Z:e5-20260930T071740Z:28", "seq": 28, "metric": "rtt", "value": 70.1, "timestamp": 1790752690.9162598} mqtt_messages=1 success=1/1 avg_publish_complete_ms=0.364 padding_added=389 epoch_state=59691756
published {"message_id": "e5-pub-T071740Z:e5-20260930T071740Z:29", "seq": 29, "metric": "rtt", "value": 71.1, "timestamp": 1790752691.9162502} mqtt_messages=1 success=1/1 avg_publish_complete_ms=0.346 padding_added=389 epoch_state=59691756
published {"message_id": "e5-pub-T071740Z:e5-20260930T071740Z:30", "seq": 30, "metric": "rtt", "value": 72.1, "timestamp": 1790752692.916284} mqtt_messages=1 success=1/1 avg_publish_complete_ms=0.353 padding_added=390 epoch_state=59691756
published {"message_id": "e5-pub-T071740Z:e5-20260930T071740Z:31", "seq": 31, "metric": "rtt", "value": 73.1, "timestamp": 1790752693.9162693} mqtt_messages=1 success=1/1 avg_publish_complete_ms=0.435 padding_added=389 epoch_state=59691756
published {"message_id": "e5-pub-T071740Z:e5-20260930T071740Z:32", "seq": 32, "metric": "rtt", "value": 74.1, "timestamp": 1790752694.916287} mqtt_messages=1 success=1/1 avg_publish_complete_ms=0.411 padding_added=390 epoch_state=59691756
published {"message_id": "e5-pub-T071740Z:e5-20260930T071740Z:33", "seq": 33, "metric": "rtt", "value": 75.1, "timestamp": 1790752695.9162695} mqtt_messages=1 success=1/1 avg_publish_complete_ms=0.365 padding_added=389 epoch_state=59691756
published {"message_id": "e5-pub-T071740Z:e5-20260930T071740Z:34", "seq": 34, "metric": "rtt", "value": 76.1, "timestamp": 1790752696.9162843} mqtt_messages=1 success=1/1 avg_publish_complete_ms=0.366 padding_added=389 epoch_state=59691756
published {"message_id": "e5-pub-T071740Z:e5-20260930T071740Z:35", "seq": 35, "metric": "rtt", "value": 77.1, "timestamp": 1790752697.9162781} mqtt_messages=1 success=1/1 avg_publish_complete_ms=0.357 padding_added=389 epoch_state=59691756
published {"message_id": "e5-pub-T071740Z:e5-20260930T071740Z:36", "seq": 36, "metric": "rtt", "value": 78.1, "timestamp": 1790752698.9162855} mqtt_messages=1 success=1/1 avg_publish_complete_ms=0.391 padding_added=389 epoch_state=59691756
published {"message_id": "e5-pub-T071740Z:e5-20260930T071740Z:37", "seq": 37, "metric": "rtt", "value": 79.1, "timestamp": 1790752699.9162714} mqtt_messages=1 success=1/1 avg_publish_complete_ms=0.357 padding_added=389 epoch_state=59691756
published {"message_id": "e5-pub-T071740Z:e5-20260930T071740Z:38", "seq": 38, "metric": "rtt", "value": 80.1, "timestamp": 1790752700.916268} mqtt_messages=1 success=1/1 avg_publish_complete_ms=0.361 padding_added=390 epoch_state=59691756
published {"message_id": "e5-pub-T071740Z:e5-20260930T071740Z:39", "seq": 39, "metric": "rtt", "value": 81.1, "timestamp": 1790752701.9162686} mqtt_messages=1 success=1/1 avg_publish_complete_ms=0.386 padding_added=389 epoch_state=59691756
published {"message_id": "e5-pub-T071740Z:e5-20260930T071740Z:40", "seq": 40, "metric": "rtt", "value": 82.1, "timestamp": 1790752702.9162865} mqtt_messages=1 success=1/1 avg_publish_complete_ms=0.415 padding_added=389 epoch_state=59691756
published {"message_id": "e5-pub-T071740Z:e5-20260930T071740Z:41", "seq": 41, "metric": "rtt", "value": 83.1, "timestamp": 1790752703.9162726} mqtt_messages=1 success=1/1 avg_publish_complete_ms=0.380 padding_added=389 epoch_state=59691756
published {"message_id": "e5-pub-T071740Z:e5-20260930T071740Z:42", "seq": 42, "metric": "rtt", "value": 84.1, "timestamp": 1790752704.9162843} mqtt_messages=1 success=1/1 avg_publish_complete_ms=0.459 padding_added=389 epoch_state=59691756
published {"message_id": "e5-pub-T071740Z:e5-20260930T071740Z:43", "seq": 43, "metric": "rtt", "value": 85.1, "timestamp": 1790752705.9162617} mqtt_messages=1 success=1/1 avg_publish_complete_ms=0.391 padding_added=389 epoch_state=59691756
published {"message_id": "e5-pub-T071740Z:e5-20260930T071740Z:44", "seq": 44, "metric": "rtt", "value": 86.1, "timestamp": 1790752706.9162319} mqtt_messages=1 success=1/1 avg_publish_complete_ms=0.391 padding_added=389 epoch_state=59691756
published {"message_id": "e5-pub-T071740Z:e5-20260930T071740Z:45", "seq": 45, "metric": "rtt", "value": 87.1, "timestamp": 1790752707.9162788} mqtt_messages=1 success=1/1 avg_publish_complete_ms=0.374 padding_added=389 epoch_state=59691756
published {"message_id": "e5-pub-T071740Z:e5-20260930T071740Z:46", "seq": 46, "metric": "rtt", "value": 88.1, "timestamp": 1790752708.916287} mqtt_messages=1 success=1/1 avg_publish_complete_ms=0.452 padding_added=390 epoch_state=59691756
published {"message_id": "e5-pub-T071740Z:e5-20260930T071740Z:47", "seq": 47, "metric": "rtt", "value": 89.1, "timestamp": 1790752709.916267} mqtt_messages=1 success=1/1 avg_publish_complete_ms=0.361 padding_added=390 epoch_state=59691756
published {"message_id": "e5-pub-T071740Z:e5-20260930T071740Z:48", "seq": 48, "metric": "rtt", "value": 90.1, "timestamp": 1790752710.9162705} mqtt_messages=2 success=2/2 avg_publish_complete_ms=0.349 padding_added=778 epoch_state=59691757
published {"message_id": "e5-pub-T071740Z:e5-20260930T071740Z:49", "seq": 49, "metric": "rtt", "value": 91.1, "timestamp": 1790752711.9162636} mqtt_messages=2 success=2/2 avg_publish_complete_ms=0.348 padding_added=778 epoch_state=59691757
published {"message_id": "e5-pub-T071740Z:e5-20260930T071740Z:50", "seq": 50, "metric": "rtt", "value": 92.1, "timestamp": 1790752712.9162824} mqtt_messages=2 success=2/2 avg_publish_complete_ms=0.437 padding_added=778 epoch_state=59691757
published {"message_id": "e5-pub-T071740Z:e5-20260930T071740Z:51", "seq": 51, "metric": "rtt", "value": 93.1, "timestamp": 1790752713.9162624} mqtt_messages=2 success=2/2 avg_publish_complete_ms=0.445 padding_added=778 epoch_state=59691757
published {"message_id": "e5-pub-T071740Z:e5-20260930T071740Z:52", "seq": 52, "metric": "rtt", "value": 94.1, "timestamp": 1790752714.9162621} mqtt_messages=2 success=2/2 avg_publish_complete_ms=0.347 padding_added=778 epoch_state=59691757
published {"message_id": "e5-pub-T071740Z:e5-20260930T071740Z:53", "seq": 53, "metric": "rtt", "value": 95.1, "timestamp": 1790752715.9162514} mqtt_messages=1 success=1/1 avg_publish_complete_ms=0.347 padding_added=389 epoch_state=59691757
published {"message_id": "e5-pub-T071740Z:e5-20260930T071740Z:54", "seq": 54, "metric": "rtt", "value": 96.1, "timestamp": 1790752716.9162676} mqtt_messages=1 success=1/1 avg_publish_complete_ms=0.415 padding_added=389 epoch_state=59691757
published {"message_id": "e5-pub-T071740Z:e5-20260930T071740Z:55", "seq": 55, "metric": "rtt", "value": 97.1, "timestamp": 1790752717.9162586} mqtt_messages=1 success=1/1 avg_publish_complete_ms=0.366 padding_added=389 epoch_state=59691757
published {"message_id": "e5-pub-T071740Z:e5-20260930T071740Z:56", "seq": 56, "metric": "rtt", "value": 98.1, "timestamp": 1790752718.9162774} mqtt_messages=1 success=1/1 avg_publish_complete_ms=0.381 padding_added=389 epoch_state=59691757
published {"message_id": "e5-pub-T071740Z:e5-20260930T071740Z:57", "seq": 57, "metric": "rtt", "value": 99.1, "timestamp": 1790752719.916268} mqtt_messages=1 success=1/1 avg_publish_complete_ms=0.346 padding_added=390 epoch_state=59691757
published {"message_id": "e5-pub-T071740Z:e5-20260930T071740Z:58", "seq": 58, "metric": "rtt", "value": 100.1, "timestamp": 1790752720.9162543} mqtt_messages=1 success=1/1 avg_publish_complete_ms=0.380 padding_added=388 epoch_state=59691757
published {"message_id": "e5-pub-T071740Z:e5-20260930T071740Z:59", "seq": 59, "metric": "rtt", "value": 101.1, "timestamp": 1790752721.9162626} mqtt_messages=1 success=1/1 avg_publish_complete_ms=0.414 padding_added=388 epoch_state=59691757
published {"message_id": "e5-pub-T071740Z:e5-20260930T071740Z:60", "seq": 60, "metric": "rtt", "value": 102.1, "timestamp": 1790752722.9162517} mqtt_messages=1 success=1/1 avg_publish_complete_ms=0.358 padding_added=388 epoch_state=59691757
published {"message_id": "e5-pub-T071740Z:e5-20260930T071740Z:61", "seq": 61, "metric": "rtt", "value": 103.1, "timestamp": 1790752723.9162538} mqtt_messages=1 success=1/1 avg_publish_complete_ms=0.379 padding_added=388 epoch_state=59691757
published {"message_id": "e5-pub-T071740Z:e5-20260930T071740Z:62", "seq": 62, "metric": "rtt", "value": 104.1, "timestamp": 1790752724.9162753} mqtt_messages=1 success=1/1 avg_publish_complete_ms=0.444 padding_added=388 epoch_state=59691757
published {"message_id": "e5-pub-T071740Z:e5-20260930T071740Z:63", "seq": 63, "metric": "rtt", "value": 105.1, "timestamp": 1790752725.916267} mqtt_messages=1 success=1/1 avg_publish_complete_ms=0.455 padding_added=389 epoch_state=59691757
published {"message_id": "e5-pub-T071740Z:e5-20260930T071740Z:64", "seq": 64, "metric": "rtt", "value": 106.1, "timestamp": 1790752726.9162855} mqtt_messages=1 success=1/1 avg_publish_complete_ms=0.419 padding_added=388 epoch_state=59691757
published {"message_id": "e5-pub-T071740Z:e5-20260930T071740Z:65", "seq": 65, "metric": "rtt", "value": 107.1, "timestamp": 1790752727.916279} mqtt_messages=1 success=1/1 avg_publish_complete_ms=0.412 padding_added=389 epoch_state=59691757
published {"message_id": "e5-pub-T071740Z:e5-20260930T071740Z:66", "seq": 66, "metric": "rtt", "value": 108.1, "timestamp": 1790752728.916304} mqtt_messages=1 success=1/1 avg_publish_complete_ms=0.382 padding_added=389 epoch_state=59691757
published {"message_id": "e5-pub-T071740Z:e5-20260930T071740Z:67", "seq": 67, "metric": "rtt", "value": 109.1, "timestamp": 1790752729.916272} mqtt_messages=1 success=1/1 avg_publish_complete_ms=0.361 padding_added=389 epoch_state=59691757
published {"message_id": "e5-pub-T071740Z:e5-20260930T071740Z:68", "seq": 68, "metric": "rtt", "value": 110.1, "timestamp": 1790752730.9162736} mqtt_messages=1 success=1/1 avg_publish_complete_ms=0.356 padding_added=388 epoch_state=59691757
published {"message_id": "e5-pub-T071740Z:e5-20260930T071740Z:69", "seq": 69, "metric": "rtt", "value": 111.1, "timestamp": 1790752731.9162657} mqtt_messages=1 success=1/1 avg_publish_complete_ms=0.348 padding_added=388 epoch_state=59691757
published {"message_id": "e5-pub-T071740Z:e5-20260930T071740Z:70", "seq": 70, "metric": "rtt", "value": 112.1, "timestamp": 1790752732.9162855} mqtt_messages=1 success=1/1 avg_publish_complete_ms=0.339 padding_added=388 epoch_state=59691757
published {"message_id": "e5-pub-T071740Z:e5-20260930T071740Z:71", "seq": 71, "metric": "rtt", "value": 113.1, "timestamp": 1790752733.916293} mqtt_messages=1 success=1/1 avg_publish_complete_ms=0.344 padding_added=389 epoch_state=59691757
published {"message_id": "e5-pub-T071740Z:e5-20260930T071740Z:72", "seq": 72, "metric": "rtt", "value": 114.1, "timestamp": 1790752734.9162803} mqtt_messages=1 success=1/1 avg_publish_complete_ms=0.386 padding_added=388 epoch_state=59691757
published {"message_id": "e5-pub-T071740Z:e5-20260930T071740Z:73", "seq": 73, "metric": "rtt", "value": 115.1, "timestamp": 1790752735.9162898} mqtt_messages=1 success=1/1 avg_publish_complete_ms=0.354 padding_added=388 epoch_state=59691757
published {"message_id": "e5-pub-T071740Z:e5-20260930T071740Z:74", "seq": 74, "metric": "rtt", "value": 116.1, "timestamp": 1790752736.9162881} mqtt_messages=1 success=1/1 avg_publish_complete_ms=0.403 padding_added=388 epoch_state=59691757
published {"message_id": "e5-pub-T071740Z:e5-20260930T071740Z:75", "seq": 75, "metric": "rtt", "value": 117.1, "timestamp": 1790752737.916283} mqtt_messages=1 success=1/1 avg_publish_complete_ms=0.348 padding_added=389 epoch_state=59691757
published {"message_id": "e5-pub-T071740Z:e5-20260930T071740Z:76", "seq": 76, "metric": "rtt", "value": 118.1, "timestamp": 1790752738.916281} mqtt_messages=1 success=1/1 avg_publish_complete_ms=0.364 padding_added=389 epoch_state=59691757
published {"message_id": "e5-pub-T071740Z:e5-20260930T071740Z:77", "seq": 77, "metric": "rtt", "value": 119.1, "timestamp": 1790752739.9162703} mqtt_messages=1 success=1/1 avg_publish_complete_ms=0.351 padding_added=388 epoch_state=59691757
published {"message_id": "e5-pub-T071740Z:e5-20260930T071740Z:78", "seq": 78, "metric": "rtt", "value": 120.1, "timestamp": 1790752740.9162643} mqtt_messages=2 success=2/2 avg_publish_complete_ms=0.314 padding_added=776 epoch_state=59691758
published {"message_id": "e5-pub-T071740Z:e5-20260930T071740Z:79", "seq": 79, "metric": "rtt", "value": 121.1, "timestamp": 1790752741.916251} mqtt_messages=2 success=2/2 avg_publish_complete_ms=0.395 padding_added=778 epoch_state=59691758
published {"message_id": "e5-pub-T071740Z:e5-20260930T071740Z:80", "seq": 80, "metric": "rtt", "value": 122.1, "timestamp": 1790752742.91628} mqtt_messages=2 success=2/2 avg_publish_complete_ms=0.411 padding_added=780 epoch_state=59691758
published {"message_id": "e5-pub-T071740Z:e5-20260930T071740Z:81", "seq": 81, "metric": "rtt", "value": 123.1, "timestamp": 1790752743.9162712} mqtt_messages=2 success=2/2 avg_publish_complete_ms=0.328 padding_added=776 epoch_state=59691758
published {"message_id": "e5-pub-T071740Z:e5-20260930T071740Z:82", "seq": 82, "metric": "rtt", "value": 124.1, "timestamp": 1790752744.9162934} mqtt_messages=2 success=2/2 avg_publish_complete_ms=0.382 padding_added=776 epoch_state=59691758
published {"message_id": "e5-pub-T071740Z:e5-20260930T071740Z:83", "seq": 83, "metric": "rtt", "value": 125.1, "timestamp": 1790752745.9162238} mqtt_messages=1 success=1/1 avg_publish_complete_ms=0.374 padding_added=388 epoch_state=59691758
published {"message_id": "e5-pub-T071740Z:e5-20260930T071740Z:84", "seq": 84, "metric": "rtt", "value": 126.1, "timestamp": 1790752746.9162984} mqtt_messages=1 success=1/1 avg_publish_complete_ms=0.391 padding_added=388 epoch_state=59691758
published {"message_id": "e5-pub-T071740Z:e5-20260930T071740Z:85", "seq": 85, "metric": "rtt", "value": 127.1, "timestamp": 1790752747.916276} mqtt_messages=1 success=1/1 avg_publish_complete_ms=0.392 padding_added=389 epoch_state=59691758
published {"message_id": "e5-pub-T071740Z:e5-20260930T071740Z:86", "seq": 86, "metric": "rtt", "value": 128.1, "timestamp": 1790752748.9162946} mqtt_messages=1 success=1/1 avg_publish_complete_ms=0.387 padding_added=388 epoch_state=59691758
published {"message_id": "e5-pub-T071740Z:e5-20260930T071740Z:87", "seq": 87, "metric": "rtt", "value": 129.1, "timestamp": 1790752749.9162664} mqtt_messages=1 success=1/1 avg_publish_complete_ms=0.417 padding_added=388 epoch_state=59691758
published {"message_id": "e5-pub-T071740Z:e5-20260930T071740Z:88", "seq": 88, "metric": "rtt", "value": 130.1, "timestamp": 1790752750.9162624} mqtt_messages=1 success=1/1 avg_publish_complete_ms=0.363 padding_added=388 epoch_state=59691758
published {"message_id": "e5-pub-T071740Z:e5-20260930T071740Z:89", "seq": 89, "metric": "rtt", "value": 131.1, "timestamp": 1790752751.9162211} mqtt_messages=1 success=1/1 avg_publish_complete_ms=0.348 padding_added=388 epoch_state=59691758
published {"message_id": "e5-pub-T071740Z:e5-20260930T071740Z:90", "seq": 90, "metric": "rtt", "value": 132.1, "timestamp": 1790752752.9162862} mqtt_messages=1 success=1/1 avg_publish_complete_ms=0.422 padding_added=388 epoch_state=59691758
published {"message_id": "e5-pub-T071740Z:e5-20260930T071740Z:91", "seq": 91, "metric": "rtt", "value": 133.1, "timestamp": 1790752753.9162693} mqtt_messages=1 success=1/1 avg_publish_complete_ms=0.394 padding_added=388 epoch_state=59691758
published {"message_id": "e5-pub-T071740Z:e5-20260930T071740Z:92", "seq": 92, "metric": "rtt", "value": 134.1, "timestamp": 1790752754.9162734} mqtt_messages=1 success=1/1 avg_publish_complete_ms=0.631 padding_added=388 epoch_state=59691758
published {"message_id": "e5-pub-T071740Z:e5-20260930T071740Z:93", "seq": 93, "metric": "rtt", "value": 135.1, "timestamp": 1790752755.9162636} mqtt_messages=1 success=1/1 avg_publish_complete_ms=0.356 padding_added=388 epoch_state=59691758
published {"message_id": "e5-pub-T071740Z:e5-20260930T071740Z:94", "seq": 94, "metric": "rtt", "value": 136.1, "timestamp": 1790752756.9162772} mqtt_messages=1 success=1/1 avg_publish_complete_ms=0.422 padding_added=388 epoch_state=59691758
published {"message_id": "e5-pub-T071740Z:e5-20260930T071740Z:95", "seq": 95, "metric": "rtt", "value": 137.1, "timestamp": 1790752757.9162693} mqtt_messages=1 success=1/1 avg_publish_complete_ms=0.431 padding_added=388 epoch_state=59691758
published {"message_id": "e5-pub-T071740Z:e5-20260930T071740Z:96", "seq": 96, "metric": "rtt", "value": 138.1, "timestamp": 1790752758.9162683} mqtt_messages=1 success=1/1 avg_publish_complete_ms=0.388 padding_added=388 epoch_state=59691758
published {"message_id": "e5-pub-T071740Z:e5-20260930T071740Z:97", "seq": 97, "metric": "rtt", "value": 139.1, "timestamp": 1790752759.9162583} mqtt_messages=1 success=1/1 avg_publish_complete_ms=0.379 padding_added=388 epoch_state=59691758
published {"message_id": "e5-pub-T071740Z:e5-20260930T071740Z:98", "seq": 98, "metric": "rtt", "value": 140.1, "timestamp": 1790752760.9162707} mqtt_messages=1 success=1/1 avg_publish_complete_ms=0.352 padding_added=388 epoch_state=59691758
published {"message_id": "e5-pub-T071740Z:e5-20260930T071740Z:99", "seq": 99, "metric": "rtt", "value": 141.1, "timestamp": 1790752761.916255} mqtt_messages=1 success=1/1 avg_publish_complete_ms=0.354 padding_added=389 epoch_state=59691758
published {"message_id": "e5-pub-T071740Z:e5-20260930T071740Z:100", "seq": 100, "metric": "rtt", "value": 142.1, "timestamp": 1790752762.916267} mqtt_messages=1 success=1/1 avg_publish_complete_ms=0.421 padding_added=387 epoch_state=59691758
published {"message_id": "e5-pub-T071740Z:e5-20260930T071740Z:101", "seq": 101, "metric": "rtt", "value": 143.1, "timestamp": 1790752763.9162593} mqtt_messages=1 success=1/1 avg_publish_complete_ms=0.374 padding_added=386 epoch_state=59691758
published {"message_id": "e5-pub-T071740Z:e5-20260930T071740Z:102", "seq": 102, "metric": "rtt", "value": 144.1, "timestamp": 1790752764.9162283} mqtt_messages=1 success=1/1 avg_publish_complete_ms=0.377 padding_added=386 epoch_state=59691758
published {"message_id": "e5-pub-T071740Z:e5-20260930T071740Z:103", "seq": 103, "metric": "rtt", "value": 145.1, "timestamp": 1790752765.9162648} mqtt_messages=1 success=1/1 avg_publish_complete_ms=0.416 padding_added=386 epoch_state=59691758
published {"message_id": "e5-pub-T071740Z:e5-20260930T071740Z:104", "seq": 104, "metric": "rtt", "value": 146.1, "timestamp": 1790752766.9162655} mqtt_messages=1 success=1/1 avg_publish_complete_ms=0.378 padding_added=386 epoch_state=59691758
published {"message_id": "e5-pub-T071740Z:e5-20260930T071740Z:105", "seq": 105, "metric": "rtt", "value": 147.1, "timestamp": 1790752767.9162562} mqtt_messages=1 success=1/1 avg_publish_complete_ms=0.362 padding_added=386 epoch_state=59691758
published {"message_id": "e5-pub-T071740Z:e5-20260930T071740Z:106", "seq": 106, "metric": "rtt", "value": 148.1, "timestamp": 1790752768.916268} mqtt_messages=1 success=1/1 avg_publish_complete_ms=0.394 padding_added=387 epoch_state=59691758
published {"message_id": "e5-pub-T071740Z:e5-20260930T071740Z:107", "seq": 107, "metric": "rtt", "value": 149.1, "timestamp": 1790752769.9162495} mqtt_messages=1 success=1/1 avg_publish_complete_ms=0.433 padding_added=386 epoch_state=59691758
published {"message_id": "e5-pub-T071740Z:e5-20260930T071740Z:108", "seq": 108, "metric": "rtt", "value": 150.1, "timestamp": 1790752770.91627} mqtt_messages=2 success=2/2 avg_publish_complete_ms=0.310 padding_added=776 epoch_state=59691759
published {"message_id": "e5-pub-T071740Z:e5-20260930T071740Z:109", "seq": 109, "metric": "rtt", "value": 151.1, "timestamp": 1790752771.916261} mqtt_messages=2 success=2/2 avg_publish_complete_ms=0.323 padding_added=774 epoch_state=59691759
published {"message_id": "e5-pub-T071740Z:e5-20260930T071740Z:110", "seq": 110, "metric": "rtt", "value": 152.1, "timestamp": 1790752772.9162219} mqtt_messages=2 success=2/2 avg_publish_complete_ms=0.417 padding_added=772 epoch_state=59691759
published {"message_id": "e5-pub-T071740Z:e5-20260930T071740Z:111", "seq": 111, "metric": "rtt", "value": 153.1, "timestamp": 1790752773.9162576} mqtt_messages=1 success=1/1 avg_publish_complete_ms=0.398 padding_added=386 epoch_state=59691759
published {"message_id": "e5-pub-T071740Z:e5-20260930T071740Z:112", "seq": 112, "metric": "rtt", "value": 154.1, "timestamp": 1790752774.9162781} mqtt_messages=1 success=1/1 avg_publish_complete_ms=0.433 padding_added=386 epoch_state=59691759
published {"message_id": "e5-pub-T071740Z:e5-20260930T071740Z:113", "seq": 113, "metric": "rtt", "value": 155.1, "timestamp": 1790752775.9162612} mqtt_messages=1 success=1/1 avg_publish_complete_ms=0.384 padding_added=386 epoch_state=59691759
published {"message_id": "e5-pub-T071740Z:e5-20260930T071740Z:114", "seq": 114, "metric": "rtt", "value": 156.1, "timestamp": 1790752776.9162676} mqtt_messages=1 success=1/1 avg_publish_complete_ms=0.439 padding_added=386 epoch_state=59691759
published {"message_id": "e5-pub-T071740Z:e5-20260930T071740Z:115", "seq": 115, "metric": "rtt", "value": 157.1, "timestamp": 1790752777.9162602} mqtt_messages=1 success=1/1 avg_publish_complete_ms=0.373 padding_added=386 epoch_state=59691759
published {"message_id": "e5-pub-T071740Z:e5-20260930T071740Z:116", "seq": 116, "metric": "rtt", "value": 158.1, "timestamp": 1790752778.916267} mqtt_messages=1 success=1/1 avg_publish_complete_ms=0.389 padding_added=387 epoch_state=59691759
published {"message_id": "e5-pub-T071740Z:e5-20260930T071740Z:117", "seq": 117, "metric": "rtt", "value": 159.1, "timestamp": 1790752779.916274} mqtt_messages=1 success=1/1 avg_publish_complete_ms=0.358 padding_added=387 epoch_state=59691759
published {"message_id": "e5-pub-T071740Z:e5-20260930T071740Z:118", "seq": 118, "metric": "rtt", "value": 160.1, "timestamp": 1790752780.9163294} mqtt_messages=1 success=1/1 avg_publish_complete_ms=0.372 padding_added=386 epoch_state=59691759
published {"message_id": "e5-pub-T071740Z:e5-20260930T071740Z:119", "seq": 119, "metric": "rtt", "value": 161.1, "timestamp": 1790752781.9162667} mqtt_messages=1 success=1/1 avg_publish_complete_ms=0.346 padding_added=386 epoch_state=59691759
published {"message_id": "e5-pub-T071740Z:e5-20260930T071740Z:120", "seq": 120, "metric": "rtt", "value": 162.1, "timestamp": 1790752782.9162567} mqtt_messages=1 success=1/1 avg_publish_complete_ms=0.382 padding_added=386 epoch_state=59691759
published {"message_id": "e5-pub-T071740Z:e5-20260930T071740Z:121", "seq": 121, "metric": "rtt", "value": 163.1, "timestamp": 1790752783.9162633} mqtt_messages=1 success=1/1 avg_publish_complete_ms=0.347 padding_added=386 epoch_state=59691759
published {"message_id": "e5-pub-T071740Z:e5-20260930T071740Z:122", "seq": 122, "metric": "rtt", "value": 164.1, "timestamp": 1790752784.9163303} mqtt_messages=1 success=1/1 avg_publish_complete_ms=0.437 padding_added=386 epoch_state=59691759
published {"message_id": "e5-pub-T071740Z:e5-20260930T071740Z:123", "seq": 123, "metric": "rtt", "value": 165.1, "timestamp": 1790752785.9162636} mqtt_messages=1 success=1/1 avg_publish_complete_ms=0.424 padding_added=386 epoch_state=59691759
published {"message_id": "e5-pub-T071740Z:e5-20260930T071740Z:124", "seq": 124, "metric": "rtt", "value": 166.1, "timestamp": 1790752786.9162626} mqtt_messages=1 success=1/1 avg_publish_complete_ms=0.386 padding_added=386 epoch_state=59691759
published {"message_id": "e5-pub-T071740Z:e5-20260930T071740Z:125", "seq": 125, "metric": "rtt", "value": 167.1, "timestamp": 1790752787.916262} mqtt_messages=1 success=1/1 avg_publish_complete_ms=0.366 padding_added=387 epoch_state=59691759
published {"message_id": "e5-pub-T071740Z:e5-20260930T071740Z:126", "seq": 126, "metric": "rtt", "value": 168.1, "timestamp": 1790752788.9162974} mqtt_messages=1 success=1/1 avg_publish_complete_ms=0.388 padding_added=386 epoch_state=59691759
published {"message_id": "e5-pub-T071740Z:e5-20260930T071740Z:127", "seq": 127, "metric": "rtt", "value": 169.1, "timestamp": 1790752789.9162724} mqtt_messages=1 success=1/1 avg_publish_complete_ms=0.369 padding_added=386 epoch_state=59691759
published {"message_id": "e5-pub-T071740Z:e5-20260930T071740Z:128", "seq": 128, "metric": "rtt", "value": 170.1, "timestamp": 1790752790.9162679} mqtt_messages=1 success=1/1 avg_publish_complete_ms=0.364 padding_added=386 epoch_state=59691759
published {"message_id": "e5-pub-T071740Z:e5-20260930T071740Z:129", "seq": 129, "metric": "rtt", "value": 171.1, "timestamp": 1790752791.9162796} mqtt_messages=1 success=1/1 avg_publish_complete_ms=0.408 padding_added=386 epoch_state=59691759
published {"message_id": "e5-pub-T071740Z:e5-20260930T071740Z:130", "seq": 130, "metric": "rtt", "value": 172.1, "timestamp": 1790752792.916262} mqtt_messages=1 success=1/1 avg_publish_complete_ms=0.380 padding_added=387 epoch_state=59691759
published {"message_id": "e5-pub-T071740Z:e5-20260930T071740Z:131", "seq": 131, "metric": "rtt", "value": 173.1, "timestamp": 1790752793.9162638} mqtt_messages=1 success=1/1 avg_publish_complete_ms=0.446 padding_added=386 epoch_state=59691759
published {"message_id": "e5-pub-T071740Z:e5-20260930T071740Z:132", "seq": 132, "metric": "rtt", "value": 174.1, "timestamp": 1790752794.9162946} mqtt_messages=1 success=1/1 avg_publish_complete_ms=0.396 padding_added=386 epoch_state=59691759
published {"message_id": "e5-pub-T071740Z:e5-20260930T071740Z:133", "seq": 133, "metric": "rtt", "value": 175.1, "timestamp": 1790752795.9162683} mqtt_messages=1 success=1/1 avg_publish_complete_ms=0.362 padding_added=386 epoch_state=59691759
published {"message_id": "e5-pub-T071740Z:e5-20260930T071740Z:134", "seq": 134, "metric": "rtt", "value": 176.1, "timestamp": 1790752796.9162896} mqtt_messages=1 success=1/1 avg_publish_complete_ms=0.384 padding_added=386 epoch_state=59691759
published {"message_id": "e5-pub-T071740Z:e5-20260930T071740Z:135", "seq": 135, "metric": "rtt", "value": 177.1, "timestamp": 1790752797.916263} mqtt_messages=1 success=1/1 avg_publish_complete_ms=0.459 padding_added=387 epoch_state=59691759
published {"message_id": "e5-pub-T071740Z:e5-20260930T071740Z:136", "seq": 136, "metric": "rtt", "value": 178.1, "timestamp": 1790752798.9162679} mqtt_messages=1 success=1/1 avg_publish_complete_ms=0.398 padding_added=386 epoch_state=59691759
published {"message_id": "e5-pub-T071740Z:e5-20260930T071740Z:137", "seq": 137, "metric": "rtt", "value": 179.1, "timestamp": 1790752799.916281} mqtt_messages=1 success=1/1 avg_publish_complete_ms=0.389 padding_added=387 epoch_state=59691759
published {"message_id": "e5-pub-T071740Z:e5-20260930T071740Z:138", "seq": 138, "metric": "rtt", "value": 180.1, "timestamp": 1790752800.9162977} mqtt_messages=2 success=2/2 avg_publish_complete_ms=0.423 padding_added=772 epoch_state=59691760
published {"message_id": "e5-pub-T071740Z:e5-20260930T071740Z:139", "seq": 139, "metric": "rtt", "value": 181.1, "timestamp": 1790752801.916272} mqtt_messages=2 success=2/2 avg_publish_complete_ms=0.555 padding_added=774 epoch_state=59691760
published {"message_id": "e5-pub-T071740Z:e5-20260930T071740Z:140", "seq": 140, "metric": "rtt", "value": 182.1, "timestamp": 1790752802.9162781} mqtt_messages=2 success=2/2 avg_publish_complete_ms=0.554 padding_added=772 epoch_state=59691760
published {"message_id": "e5-pub-T071740Z:e5-20260930T071740Z:141", "seq": 141, "metric": "rtt", "value": 183.1, "timestamp": 1790752803.916254} mqtt_messages=1 success=1/1 avg_publish_complete_ms=0.519 padding_added=387 epoch_state=59691760
published {"message_id": "e5-pub-T071740Z:e5-20260930T071740Z:142", "seq": 142, "metric": "rtt", "value": 184.1, "timestamp": 1790752804.916273} mqtt_messages=1 success=1/1 avg_publish_complete_ms=0.453 padding_added=387 epoch_state=59691760
published {"message_id": "e5-pub-T071740Z:e5-20260930T071740Z:143", "seq": 143, "metric": "rtt", "value": 185.1, "timestamp": 1790752805.916297} mqtt_messages=1 success=1/1 avg_publish_complete_ms=0.455 padding_added=387 epoch_state=59691760
published {"message_id": "e5-pub-T071740Z:e5-20260930T071740Z:144", "seq": 144, "metric": "rtt", "value": 186.1, "timestamp": 1790752806.9162767} mqtt_messages=1 success=1/1 avg_publish_complete_ms=0.426 padding_added=386 epoch_state=59691760
published {"message_id": "e5-pub-T071740Z:e5-20260930T071740Z:145", "seq": 145, "metric": "rtt", "value": 187.1, "timestamp": 1790752807.9162202} mqtt_messages=1 success=1/1 avg_publish_complete_ms=0.391 padding_added=386 epoch_state=59691760
published {"message_id": "e5-pub-T071740Z:e5-20260930T071740Z:146", "seq": 146, "metric": "rtt", "value": 188.1, "timestamp": 1790752808.916277} mqtt_messages=1 success=1/1 avg_publish_complete_ms=0.445 padding_added=387 epoch_state=59691760
published {"message_id": "e5-pub-T071740Z:e5-20260930T071740Z:147", "seq": 147, "metric": "rtt", "value": 189.1, "timestamp": 1790752809.9162679} mqtt_messages=1 success=1/1 avg_publish_complete_ms=0.386 padding_added=386 epoch_state=59691760
published {"message_id": "e5-pub-T071740Z:e5-20260930T071740Z:148", "seq": 148, "metric": "rtt", "value": 190.1, "timestamp": 1790752810.9162877} mqtt_messages=1 success=1/1 avg_publish_complete_ms=0.400 padding_added=386 epoch_state=59691760
published {"message_id": "e5-pub-T071740Z:e5-20260930T071740Z:149", "seq": 149, "metric": "rtt", "value": 191.1, "timestamp": 1790752811.9162664} mqtt_messages=1 success=1/1 avg_publish_complete_ms=0.416 padding_added=386 epoch_state=59691760
published {"message_id": "e5-pub-T071740Z:e5-20260930T071740Z:150", "seq": 150, "metric": "rtt", "value": 192.1, "timestamp": 1790752812.9162867} mqtt_messages=1 success=1/1 avg_publish_complete_ms=0.366 padding_added=386 epoch_state=59691760
published {"message_id": "e5-pub-T071740Z:e5-20260930T071740Z:151", "seq": 151, "metric": "rtt", "value": 193.1, "timestamp": 1790752813.916282} mqtt_messages=1 success=1/1 avg_publish_complete_ms=0.382 padding_added=387 epoch_state=59691760
published {"message_id": "e5-pub-T071740Z:e5-20260930T071740Z:152", "seq": 152, "metric": "rtt", "value": 194.1, "timestamp": 1790752814.9162908} mqtt_messages=1 success=1/1 avg_publish_complete_ms=0.396 padding_added=386 epoch_state=59691760
published {"message_id": "e5-pub-T071740Z:e5-20260930T071740Z:153", "seq": 153, "metric": "rtt", "value": 195.1, "timestamp": 1790752815.9162283} mqtt_messages=1 success=1/1 avg_publish_complete_ms=0.364 padding_added=386 epoch_state=59691760
published {"message_id": "e5-pub-T071740Z:e5-20260930T071740Z:154", "seq": 154, "metric": "rtt", "value": 196.1, "timestamp": 1790752816.9162881} mqtt_messages=1 success=1/1 avg_publish_complete_ms=0.389 padding_added=386 epoch_state=59691760
published {"message_id": "e5-pub-T071740Z:e5-20260930T071740Z:155", "seq": 155, "metric": "rtt", "value": 197.1, "timestamp": 1790752817.9162784} mqtt_messages=1 success=1/1 avg_publish_complete_ms=0.389 padding_added=386 epoch_state=59691760
published {"message_id": "e5-pub-T071740Z:e5-20260930T071740Z:156", "seq": 156, "metric": "rtt", "value": 198.1, "timestamp": 1790752818.916261} mqtt_messages=1 success=1/1 avg_publish_complete_ms=0.404 padding_added=387 epoch_state=59691760
published {"message_id": "e5-pub-T071740Z:e5-20260930T071740Z:157", "seq": 157, "metric": "rtt", "value": 199.1, "timestamp": 1790752819.9162667} mqtt_messages=1 success=1/1 avg_publish_complete_ms=0.384 padding_added=386 epoch_state=59691760
published {"message_id": "e5-pub-T071740Z:e5-20260930T071740Z:158", "seq": 158, "metric": "rtt", "value": 200.1, "timestamp": 1790752820.9162729} mqtt_messages=1 success=1/1 avg_publish_complete_ms=0.433 padding_added=386 epoch_state=59691760
published {"message_id": "e5-pub-T071740Z:e5-20260930T071740Z:159", "seq": 159, "metric": "rtt", "value": 201.1, "timestamp": 1790752821.9162693} mqtt_messages=1 success=1/1 avg_publish_complete_ms=0.431 padding_added=386 epoch_state=59691760
published {"message_id": "e5-pub-T071740Z:e5-20260930T071740Z:160", "seq": 160, "metric": "rtt", "value": 202.1, "timestamp": 1790752822.9162776} mqtt_messages=1 success=1/1 avg_publish_complete_ms=0.459 padding_added=386 epoch_state=59691760
published {"message_id": "e5-pub-T071740Z:e5-20260930T071740Z:161", "seq": 161, "metric": "rtt", "value": 203.1, "timestamp": 1790752823.9162552} mqtt_messages=1 success=1/1 avg_publish_complete_ms=0.356 padding_added=386 epoch_state=59691760
published {"message_id": "e5-pub-T071740Z:e5-20260930T071740Z:162", "seq": 162, "metric": "rtt", "value": 204.1, "timestamp": 1790752824.9162667} mqtt_messages=1 success=1/1 avg_publish_complete_ms=0.448 padding_added=386 epoch_state=59691760
published {"message_id": "e5-pub-T071740Z:e5-20260930T071740Z:163", "seq": 163, "metric": "rtt", "value": 205.1, "timestamp": 1790752825.9162683} mqtt_messages=1 success=1/1 avg_publish_complete_ms=0.394 padding_added=386 epoch_state=59691760
published {"message_id": "e5-pub-T071740Z:e5-20260930T071740Z:164", "seq": 164, "metric": "rtt", "value": 206.1, "timestamp": 1790752826.916265} mqtt_messages=1 success=1/1 avg_publish_complete_ms=0.402 padding_added=387 epoch_state=59691760
published {"message_id": "e5-pub-T071740Z:e5-20260930T071740Z:165", "seq": 165, "metric": "rtt", "value": 207.1, "timestamp": 1790752827.9162643} mqtt_messages=1 success=1/1 avg_publish_complete_ms=0.463 padding_added=386 epoch_state=59691760
published {"message_id": "e5-pub-T071740Z:e5-20260930T071740Z:166", "seq": 166, "metric": "rtt", "value": 208.1, "timestamp": 1790752828.9162617} mqtt_messages=1 success=1/1 avg_publish_complete_ms=0.415 padding_added=386 epoch_state=59691760
published {"message_id": "e5-pub-T071740Z:e5-20260930T071740Z:167", "seq": 167, "metric": "rtt", "value": 209.1, "timestamp": 1790752829.916261} mqtt_messages=1 success=1/1 avg_publish_complete_ms=0.429 padding_added=387 epoch_state=59691760
published {"message_id": "e5-pub-T071740Z:e5-20260930T071740Z:168", "seq": 168, "metric": "rtt", "value": 210.1, "timestamp": 1790752830.9162652} mqtt_messages=2 success=2/2 avg_publish_complete_ms=0.359 padding_added=772 epoch_state=59691761
published {"message_id": "e5-pub-T071740Z:e5-20260930T071740Z:169", "seq": 169, "metric": "rtt", "value": 211.1, "timestamp": 1790752831.9162564} mqtt_messages=2 success=2/2 avg_publish_complete_ms=0.374 padding_added=772 epoch_state=59691761
published {"message_id": "e5-pub-T071740Z:e5-20260930T071740Z:170", "seq": 170, "metric": "rtt", "value": 212.1, "timestamp": 1790752832.9162552} mqtt_messages=2 success=2/2 avg_publish_complete_ms=0.310 padding_added=772 epoch_state=59691761
published {"message_id": "e5-pub-T071740Z:e5-20260930T071740Z:171", "seq": 171, "metric": "rtt", "value": 213.1, "timestamp": 1790752833.916263} mqtt_messages=1 success=1/1 avg_publish_complete_ms=0.341 padding_added=387 epoch_state=59691761
published {"message_id": "e5-pub-T071740Z:e5-20260930T071740Z:172", "seq": 172, "metric": "rtt", "value": 214.1, "timestamp": 1790752834.9162588} mqtt_messages=1 success=1/1 avg_publish_complete_ms=0.379 padding_added=386 epoch_state=59691761
published {"message_id": "e5-pub-T071740Z:e5-20260930T071740Z:173", "seq": 173, "metric": "rtt", "value": 215.1, "timestamp": 1790752835.9162714} mqtt_messages=1 success=1/1 avg_publish_complete_ms=0.352 padding_added=386 epoch_state=59691761
published {"message_id": "e5-pub-T071740Z:e5-20260930T071740Z:174", "seq": 174, "metric": "rtt", "value": 216.1, "timestamp": 1790752836.9162633} mqtt_messages=1 success=1/1 avg_publish_complete_ms=0.488 padding_added=386 epoch_state=59691761
published {"message_id": "e5-pub-T071740Z:e5-20260930T071740Z:175", "seq": 175, "metric": "rtt", "value": 217.1, "timestamp": 1790752837.9162636} mqtt_messages=1 success=1/1 avg_publish_complete_ms=0.355 padding_added=386 epoch_state=59691761
published {"message_id": "e5-pub-T071740Z:e5-20260930T071740Z:176", "seq": 176, "metric": "rtt", "value": 218.1, "timestamp": 1790752838.9162664} mqtt_messages=1 success=1/1 avg_publish_complete_ms=0.364 padding_added=386 epoch_state=59691761
published {"message_id": "e5-pub-T071740Z:e5-20260930T071740Z:177", "seq": 177, "metric": "rtt", "value": 219.1, "timestamp": 1790752839.916219} mqtt_messages=1 success=1/1 avg_publish_complete_ms=0.349 padding_added=387 epoch_state=59691761
published {"message_id": "e5-pub-T071740Z:e5-20260930T071740Z:178", "seq": 178, "metric": "rtt", "value": 220.1, "timestamp": 1790752840.9162233} mqtt_messages=1 success=1/1 avg_publish_complete_ms=0.349 padding_added=386 epoch_state=59691761
published {"message_id": "e5-pub-T071740Z:e5-20260930T071740Z:179", "seq": 179, "metric": "rtt", "value": 221.1, "timestamp": 1790752841.916223} mqtt_messages=1 success=1/1 avg_publish_complete_ms=0.356 padding_added=387 epoch_state=59691761
published {"message_id": "e5-pub-T071740Z:e5-20260930T071740Z:180", "seq": 180, "metric": "rtt", "value": 222.1, "timestamp": 1790752842.9162543} mqtt_messages=1 success=1/1 avg_publish_complete_ms=0.409 padding_added=386 epoch_state=59691761
published {"message_id": "e5-pub-T071740Z:e5-20260930T071740Z:181", "seq": 181, "metric": "rtt", "value": 223.1, "timestamp": 1790752843.9162612} mqtt_messages=1 success=1/1 avg_publish_complete_ms=0.431 padding_added=386 epoch_state=59691761
published {"message_id": "e5-pub-T071740Z:e5-20260930T071740Z:182", "seq": 182, "metric": "rtt", "value": 224.1, "timestamp": 1790752844.9162645} mqtt_messages=1 success=1/1 avg_publish_complete_ms=0.457 padding_added=386 epoch_state=59691761
published {"message_id": "e5-pub-T071740Z:e5-20260930T071740Z:183", "seq": 183, "metric": "rtt", "value": 225.1, "timestamp": 1790752845.9162626} mqtt_messages=1 success=1/1 avg_publish_complete_ms=0.426 padding_added=386 epoch_state=59691761
published {"message_id": "e5-pub-T071740Z:e5-20260930T071740Z:184", "seq": 184, "metric": "rtt", "value": 226.1, "timestamp": 1790752846.916258} mqtt_messages=1 success=1/1 avg_publish_complete_ms=0.387 padding_added=387 epoch_state=59691761
published {"message_id": "e5-pub-T071740Z:e5-20260930T071740Z:185", "seq": 185, "metric": "rtt", "value": 227.1, "timestamp": 1790752847.9162593} mqtt_messages=1 success=1/1 avg_publish_complete_ms=0.428 padding_added=386 epoch_state=59691761
published {"message_id": "e5-pub-T071740Z:e5-20260930T071740Z:186", "seq": 186, "metric": "rtt", "value": 228.1, "timestamp": 1790752848.9162562} mqtt_messages=1 success=1/1 avg_publish_complete_ms=0.383 padding_added=386 epoch_state=59691761
published {"message_id": "e5-pub-T071740Z:e5-20260930T071740Z:187", "seq": 187, "metric": "rtt", "value": 229.1, "timestamp": 1790752849.9162529} mqtt_messages=1 success=1/1 avg_publish_complete_ms=0.383 padding_added=386 epoch_state=59691761
published {"message_id": "e5-pub-T071740Z:e5-20260930T071740Z:188", "seq": 188, "metric": "rtt", "value": 230.1, "timestamp": 1790752850.9162614} mqtt_messages=1 success=1/1 avg_publish_complete_ms=0.351 padding_added=386 epoch_state=59691761
publish summary:
  total MQTT messages: 213
  success:             213
  failed:              0
  success_rate:        1.000
  avg_complete_ms:     0.391
  p95_complete_ms:     0.463
  reconnect_count:     0
  pacing_mode:         fixed-rate
  pacing_deadline_miss:0
  pacing_late_max_ms:  0.000
Traceback (most recent call last):
  File "/home/ogawa/aomqtt-paper-artifact/software/aomqtt-v1.3.7/examples/publisher_example.py", line 275, in <module>
    main()
  File "/home/ogawa/aomqtt-paper-artifact/software/aomqtt-v1.3.7/examples/publisher_example.py", line 206, in main
    time.sleep(remaining)
KeyboardInterrupt
