policy id:                  e5_overlap5_fixed512
policy name:                e5_overlap5_fixed512
token mode:                 whole
rotation enabled:           True
policy file:                /home/ogawa/aomqtt-paper-artifact/evaluation/source/e5/e5_initial_policy.yaml
rotation interval:          30s
rotation overlap:           5s
current epoch:              59691755
plaintext subscribe filter: e5/siteA/closedloop
token subscribe filter:     aomqtt/v1/t/075f301708dc4fb6
experiment id:              aomqtt-e5-closed-loop
run id:                     e5-20260930T071740Z
delivery csv:               /home/ogawa/aomqtt-paper-artifact/results/e5/e5-20260930T071740Z/raw/subscriber_metrics.csv
experiment config:          /home/ogawa/aomqtt-paper-artifact/results/e5/e5-20260930T071740Z/raw/subscriber_experiment_config.json
control topic:              aomqtt/control/e5-T071740Z/policy
control group id:           e5-T071740Z
received
  token_topic: aomqtt/v1/t/075f301708dc4fb6
  payload:     {"message_id": "e5-pub-T071740Z:e5-20260930T071740Z:0", "seq": 0, "metric": "rtt", "value": 42.1, "timestamp": 1790752662.9161394}
received
  token_topic: aomqtt/v1/t/075f301708dc4fb6
  payload:     {"message_id": "e5-pub-T071740Z:e5-20260930T071740Z:1", "seq": 1, "metric": "rtt", "value": 43.1, "timestamp": 1790752663.9162695}
received
  token_topic: aomqtt/v1/t/075f301708dc4fb6
  payload:     {"message_id": "e5-pub-T071740Z:e5-20260930T071740Z:2", "seq": 2, "metric": "rtt", "value": 44.1, "timestamp": 1790752664.9162765}
received
  token_topic: aomqtt/v1/t/075f301708dc4fb6
  payload:     {"message_id": "e5-pub-T071740Z:e5-20260930T071740Z:3", "seq": 3, "metric": "rtt", "value": 45.1, "timestamp": 1790752665.9162602}
received
  token_topic: aomqtt/v1/t/075f301708dc4fb6
  payload:     {"message_id": "e5-pub-T071740Z:e5-20260930T071740Z:4", "seq": 4, "metric": "rtt", "value": 46.1, "timestamp": 1790752666.9162867}
received
  token_topic: aomqtt/v1/t/075f301708dc4fb6
  payload:     {"message_id": "e5-pub-T071740Z:e5-20260930T071740Z:5", "seq": 5, "metric": "rtt", "value": 47.1, "timestamp": 1790752667.9162648}
received
  token_topic: aomqtt/v1/t/075f301708dc4fb6
  payload:     {"message_id": "e5-pub-T071740Z:e5-20260930T071740Z:6", "seq": 6, "metric": "rtt", "value": 48.1, "timestamp": 1790752668.9162652}
received
  token_topic: aomqtt/v1/t/075f301708dc4fb6
  payload:     {"message_id": "e5-pub-T071740Z:e5-20260930T071740Z:7", "seq": 7, "metric": "rtt", "value": 49.1, "timestamp": 1790752669.9162822}
received
  token_topic: aomqtt/v1/t/075f301708dc4fb6
  payload:     {"message_id": "e5-pub-T071740Z:e5-20260930T071740Z:8", "seq": 8, "metric": "rtt", "value": 50.1, "timestamp": 1790752670.916269}
received
  token_topic: aomqtt/v1/t/075f301708dc4fb6
  payload:     {"message_id": "e5-pub-T071740Z:e5-20260930T071740Z:9", "seq": 9, "metric": "rtt", "value": 51.1, "timestamp": 1790752671.916263}
received
  token_topic: aomqtt/v1/t/075f301708dc4fb6
  payload:     {"message_id": "e5-pub-T071740Z:e5-20260930T071740Z:10", "seq": 10, "metric": "rtt", "value": 52.1, "timestamp": 1790752672.9162576}
received
  token_topic: aomqtt/v1/t/075f301708dc4fb6
  payload:     {"message_id": "e5-pub-T071740Z:e5-20260930T071740Z:11", "seq": 11, "metric": "rtt", "value": 53.1, "timestamp": 1790752673.9162629}
received
  token_topic: aomqtt/v1/t/075f301708dc4fb6
  payload:     {"message_id": "e5-pub-T071740Z:e5-20260930T071740Z:12", "seq": 12, "metric": "rtt", "value": 54.1, "timestamp": 1790752674.9162717}
received
  token_topic: aomqtt/v1/t/075f301708dc4fb6
  payload:     {"message_id": "e5-pub-T071740Z:e5-20260930T071740Z:13", "seq": 13, "metric": "rtt", "value": 55.1, "timestamp": 1790752675.9162774}
received
  token_topic: aomqtt/v1/t/075f301708dc4fb6
  payload:     {"message_id": "e5-pub-T071740Z:e5-20260930T071740Z:14", "seq": 14, "metric": "rtt", "value": 56.1, "timestamp": 1790752676.9162815}
received
  token_topic: aomqtt/v1/t/075f301708dc4fb6
  payload:     {"message_id": "e5-pub-T071740Z:e5-20260930T071740Z:15", "seq": 15, "metric": "rtt", "value": 57.1, "timestamp": 1790752677.9162767}
received
  token_topic: aomqtt/v1/t/075f301708dc4fb6
  payload:     {"message_id": "e5-pub-T071740Z:e5-20260930T071740Z:16", "seq": 16, "metric": "rtt", "value": 58.1, "timestamp": 1790752678.9162657}
received
  token_topic: aomqtt/v1/t/075f301708dc4fb6
  payload:     {"message_id": "e5-pub-T071740Z:e5-20260930T071740Z:17", "seq": 17, "metric": "rtt", "value": 59.1, "timestamp": 1790752679.9162772}
received
  token_topic: aomqtt/v1/t/16eba585388798a5
  payload:     {"message_id": "e5-pub-T071740Z:e5-20260930T071740Z:18", "seq": 18, "metric": "rtt", "value": 60.1, "timestamp": 1790752680.9162865}
received
  token_topic: aomqtt/v1/t/16eba585388798a5
  payload:     {"message_id": "e5-pub-T071740Z:e5-20260930T071740Z:19", "seq": 19, "metric": "rtt", "value": 61.1, "timestamp": 1790752681.9162877}
received
  token_topic: aomqtt/v1/t/16eba585388798a5
  payload:     {"message_id": "e5-pub-T071740Z:e5-20260930T071740Z:20", "seq": 20, "metric": "rtt", "value": 62.1, "timestamp": 1790752682.9162972}
received
  token_topic: aomqtt/v1/t/16eba585388798a5
  payload:     {"message_id": "e5-pub-T071740Z:e5-20260930T071740Z:21", "seq": 21, "metric": "rtt", "value": 63.1, "timestamp": 1790752683.9162626}
received
  token_topic: aomqtt/v1/t/16eba585388798a5
  payload:     {"message_id": "e5-pub-T071740Z:e5-20260930T071740Z:22", "seq": 22, "metric": "rtt", "value": 64.1, "timestamp": 1790752684.9162793}
received
  token_topic: aomqtt/v1/t/16eba585388798a5
  payload:     {"message_id": "e5-pub-T071740Z:e5-20260930T071740Z:23", "seq": 23, "metric": "rtt", "value": 65.1, "timestamp": 1790752685.9162633}
received
  token_topic: aomqtt/v1/t/16eba585388798a5
  payload:     {"message_id": "e5-pub-T071740Z:e5-20260930T071740Z:24", "seq": 24, "metric": "rtt", "value": 66.1, "timestamp": 1790752686.9162817}
received
  token_topic: aomqtt/v1/t/16eba585388798a5
  payload:     {"message_id": "e5-pub-T071740Z:e5-20260930T071740Z:25", "seq": 25, "metric": "rtt", "value": 67.1, "timestamp": 1790752687.916263}
received
  token_topic: aomqtt/v1/t/16eba585388798a5
  payload:     {"message_id": "e5-pub-T071740Z:e5-20260930T071740Z:26", "seq": 26, "metric": "rtt", "value": 68.1, "timestamp": 1790752688.9162822}
received
  token_topic: aomqtt/v1/t/16eba585388798a5
  payload:     {"message_id": "e5-pub-T071740Z:e5-20260930T071740Z:27", "seq": 27, "metric": "rtt", "value": 69.1, "timestamp": 1790752689.9162643}
received
  token_topic: aomqtt/v1/t/16eba585388798a5
  payload:     {"message_id": "e5-pub-T071740Z:e5-20260930T071740Z:28", "seq": 28, "metric": "rtt", "value": 70.1, "timestamp": 1790752690.9162598}
received
  token_topic: aomqtt/v1/t/16eba585388798a5
  payload:     {"message_id": "e5-pub-T071740Z:e5-20260930T071740Z:29", "seq": 29, "metric": "rtt", "value": 71.1, "timestamp": 1790752691.9162502}
received
  token_topic: aomqtt/v1/t/16eba585388798a5
  payload:     {"message_id": "e5-pub-T071740Z:e5-20260930T071740Z:30", "seq": 30, "metric": "rtt", "value": 72.1, "timestamp": 1790752692.916284}
received
  token_topic: aomqtt/v1/t/16eba585388798a5
  payload:     {"message_id": "e5-pub-T071740Z:e5-20260930T071740Z:31", "seq": 31, "metric": "rtt", "value": 73.1, "timestamp": 1790752693.9162693}
received
  token_topic: aomqtt/v1/t/16eba585388798a5
  payload:     {"message_id": "e5-pub-T071740Z:e5-20260930T071740Z:32", "seq": 32, "metric": "rtt", "value": 74.1, "timestamp": 1790752694.916287}
received
  token_topic: aomqtt/v1/t/16eba585388798a5
  payload:     {"message_id": "e5-pub-T071740Z:e5-20260930T071740Z:33", "seq": 33, "metric": "rtt", "value": 75.1, "timestamp": 1790752695.9162695}
received
  token_topic: aomqtt/v1/t/16eba585388798a5
  payload:     {"message_id": "e5-pub-T071740Z:e5-20260930T071740Z:34", "seq": 34, "metric": "rtt", "value": 76.1, "timestamp": 1790752696.9162843}
received
  token_topic: aomqtt/v1/t/16eba585388798a5
  payload:     {"message_id": "e5-pub-T071740Z:e5-20260930T071740Z:35", "seq": 35, "metric": "rtt", "value": 77.1, "timestamp": 1790752697.9162781}
received
  token_topic: aomqtt/v1/t/16eba585388798a5
  payload:     {"message_id": "e5-pub-T071740Z:e5-20260930T071740Z:36", "seq": 36, "metric": "rtt", "value": 78.1, "timestamp": 1790752698.9162855}
received
  token_topic: aomqtt/v1/t/16eba585388798a5
  payload:     {"message_id": "e5-pub-T071740Z:e5-20260930T071740Z:37", "seq": 37, "metric": "rtt", "value": 79.1, "timestamp": 1790752699.9162714}
received
  token_topic: aomqtt/v1/t/16eba585388798a5
  payload:     {"message_id": "e5-pub-T071740Z:e5-20260930T071740Z:38", "seq": 38, "metric": "rtt", "value": 80.1, "timestamp": 1790752700.916268}
received
  token_topic: aomqtt/v1/t/16eba585388798a5
  payload:     {"message_id": "e5-pub-T071740Z:e5-20260930T071740Z:39", "seq": 39, "metric": "rtt", "value": 81.1, "timestamp": 1790752701.9162686}
received
  token_topic: aomqtt/v1/t/16eba585388798a5
  payload:     {"message_id": "e5-pub-T071740Z:e5-20260930T071740Z:40", "seq": 40, "metric": "rtt", "value": 82.1, "timestamp": 1790752702.9162865}
received
  token_topic: aomqtt/v1/t/16eba585388798a5
  payload:     {"message_id": "e5-pub-T071740Z:e5-20260930T071740Z:41", "seq": 41, "metric": "rtt", "value": 83.1, "timestamp": 1790752703.9162726}
received
  token_topic: aomqtt/v1/t/16eba585388798a5
  payload:     {"message_id": "e5-pub-T071740Z:e5-20260930T071740Z:42", "seq": 42, "metric": "rtt", "value": 84.1, "timestamp": 1790752704.9162843}
received
  token_topic: aomqtt/v1/t/16eba585388798a5
  payload:     {"message_id": "e5-pub-T071740Z:e5-20260930T071740Z:43", "seq": 43, "metric": "rtt", "value": 85.1, "timestamp": 1790752705.9162617}
received
  token_topic: aomqtt/v1/t/16eba585388798a5
  payload:     {"message_id": "e5-pub-T071740Z:e5-20260930T071740Z:44", "seq": 44, "metric": "rtt", "value": 86.1, "timestamp": 1790752706.9162319}
received
  token_topic: aomqtt/v1/t/16eba585388798a5
  payload:     {"message_id": "e5-pub-T071740Z:e5-20260930T071740Z:45", "seq": 45, "metric": "rtt", "value": 87.1, "timestamp": 1790752707.9162788}
received
  token_topic: aomqtt/v1/t/16eba585388798a5
  payload:     {"message_id": "e5-pub-T071740Z:e5-20260930T071740Z:46", "seq": 46, "metric": "rtt", "value": 88.1, "timestamp": 1790752708.916287}
received
  token_topic: aomqtt/v1/t/16eba585388798a5
  payload:     {"message_id": "e5-pub-T071740Z:e5-20260930T071740Z:47", "seq": 47, "metric": "rtt", "value": 89.1, "timestamp": 1790752709.916267}
received
  token_topic: aomqtt/v1/t/ee48a917adb24dbe
  payload:     {"message_id": "e5-pub-T071740Z:e5-20260930T071740Z:48", "seq": 48, "metric": "rtt", "value": 90.1, "timestamp": 1790752710.9162705}
received
  token_topic: aomqtt/v1/t/ee48a917adb24dbe
  payload:     {"message_id": "e5-pub-T071740Z:e5-20260930T071740Z:49", "seq": 49, "metric": "rtt", "value": 91.1, "timestamp": 1790752711.9162636}
received
  token_topic: aomqtt/v1/t/ee48a917adb24dbe
  payload:     {"message_id": "e5-pub-T071740Z:e5-20260930T071740Z:50", "seq": 50, "metric": "rtt", "value": 92.1, "timestamp": 1790752712.9162824}
received
  token_topic: aomqtt/v1/t/ee48a917adb24dbe
  payload:     {"message_id": "e5-pub-T071740Z:e5-20260930T071740Z:51", "seq": 51, "metric": "rtt", "value": 93.1, "timestamp": 1790752713.9162624}
received
  token_topic: aomqtt/v1/t/ee48a917adb24dbe
  payload:     {"message_id": "e5-pub-T071740Z:e5-20260930T071740Z:52", "seq": 52, "metric": "rtt", "value": 94.1, "timestamp": 1790752714.9162621}
received
  token_topic: aomqtt/v1/t/ee48a917adb24dbe
  payload:     {"message_id": "e5-pub-T071740Z:e5-20260930T071740Z:53", "seq": 53, "metric": "rtt", "value": 95.1, "timestamp": 1790752715.9162514}
received
  token_topic: aomqtt/v1/t/ee48a917adb24dbe
  payload:     {"message_id": "e5-pub-T071740Z:e5-20260930T071740Z:54", "seq": 54, "metric": "rtt", "value": 96.1, "timestamp": 1790752716.9162676}
received
  token_topic: aomqtt/v1/t/ee48a917adb24dbe
  payload:     {"message_id": "e5-pub-T071740Z:e5-20260930T071740Z:55", "seq": 55, "metric": "rtt", "value": 97.1, "timestamp": 1790752717.9162586}
received
  token_topic: aomqtt/v1/t/ee48a917adb24dbe
  payload:     {"message_id": "e5-pub-T071740Z:e5-20260930T071740Z:56", "seq": 56, "metric": "rtt", "value": 98.1, "timestamp": 1790752718.9162774}
received
  token_topic: aomqtt/v1/t/ee48a917adb24dbe
  payload:     {"message_id": "e5-pub-T071740Z:e5-20260930T071740Z:57", "seq": 57, "metric": "rtt", "value": 99.1, "timestamp": 1790752719.916268}
received
  token_topic: aomqtt/v1/t/ee48a917adb24dbe
  payload:     {"message_id": "e5-pub-T071740Z:e5-20260930T071740Z:58", "seq": 58, "metric": "rtt", "value": 100.1, "timestamp": 1790752720.9162543}
received
  token_topic: aomqtt/v1/t/ee48a917adb24dbe
  payload:     {"message_id": "e5-pub-T071740Z:e5-20260930T071740Z:59", "seq": 59, "metric": "rtt", "value": 101.1, "timestamp": 1790752721.9162626}
received
  token_topic: aomqtt/v1/t/ee48a917adb24dbe
  payload:     {"message_id": "e5-pub-T071740Z:e5-20260930T071740Z:60", "seq": 60, "metric": "rtt", "value": 102.1, "timestamp": 1790752722.9162517}
received
  token_topic: aomqtt/v1/t/ee48a917adb24dbe
  payload:     {"message_id": "e5-pub-T071740Z:e5-20260930T071740Z:61", "seq": 61, "metric": "rtt", "value": 103.1, "timestamp": 1790752723.9162538}
received
  token_topic: aomqtt/v1/t/ee48a917adb24dbe
  payload:     {"message_id": "e5-pub-T071740Z:e5-20260930T071740Z:62", "seq": 62, "metric": "rtt", "value": 104.1, "timestamp": 1790752724.9162753}
received
  token_topic: aomqtt/v1/t/ee48a917adb24dbe
  payload:     {"message_id": "e5-pub-T071740Z:e5-20260930T071740Z:63", "seq": 63, "metric": "rtt", "value": 105.1, "timestamp": 1790752725.916267}
received
  token_topic: aomqtt/v1/t/ee48a917adb24dbe
  payload:     {"message_id": "e5-pub-T071740Z:e5-20260930T071740Z:64", "seq": 64, "metric": "rtt", "value": 106.1, "timestamp": 1790752726.9162855}
received
  token_topic: aomqtt/v1/t/ee48a917adb24dbe
  payload:     {"message_id": "e5-pub-T071740Z:e5-20260930T071740Z:65", "seq": 65, "metric": "rtt", "value": 107.1, "timestamp": 1790752727.916279}
received
  token_topic: aomqtt/v1/t/ee48a917adb24dbe
  payload:     {"message_id": "e5-pub-T071740Z:e5-20260930T071740Z:66", "seq": 66, "metric": "rtt", "value": 108.1, "timestamp": 1790752728.916304}
received
  token_topic: aomqtt/v1/t/ee48a917adb24dbe
  payload:     {"message_id": "e5-pub-T071740Z:e5-20260930T071740Z:67", "seq": 67, "metric": "rtt", "value": 109.1, "timestamp": 1790752729.916272}
received
  token_topic: aomqtt/v1/t/ee48a917adb24dbe
  payload:     {"message_id": "e5-pub-T071740Z:e5-20260930T071740Z:68", "seq": 68, "metric": "rtt", "value": 110.1, "timestamp": 1790752730.9162736}
received
  token_topic: aomqtt/v1/t/ee48a917adb24dbe
  payload:     {"message_id": "e5-pub-T071740Z:e5-20260930T071740Z:69", "seq": 69, "metric": "rtt", "value": 111.1, "timestamp": 1790752731.9162657}
received
  token_topic: aomqtt/v1/t/ee48a917adb24dbe
  payload:     {"message_id": "e5-pub-T071740Z:e5-20260930T071740Z:70", "seq": 70, "metric": "rtt", "value": 112.1, "timestamp": 1790752732.9162855}
received
  token_topic: aomqtt/v1/t/ee48a917adb24dbe
  payload:     {"message_id": "e5-pub-T071740Z:e5-20260930T071740Z:71", "seq": 71, "metric": "rtt", "value": 113.1, "timestamp": 1790752733.916293}
received
  token_topic: aomqtt/v1/t/ee48a917adb24dbe
  payload:     {"message_id": "e5-pub-T071740Z:e5-20260930T071740Z:72", "seq": 72, "metric": "rtt", "value": 114.1, "timestamp": 1790752734.9162803}
received
  token_topic: aomqtt/v1/t/ee48a917adb24dbe
  payload:     {"message_id": "e5-pub-T071740Z:e5-20260930T071740Z:73", "seq": 73, "metric": "rtt", "value": 115.1, "timestamp": 1790752735.9162898}
received
  token_topic: aomqtt/v1/t/ee48a917adb24dbe
  payload:     {"message_id": "e5-pub-T071740Z:e5-20260930T071740Z:74", "seq": 74, "metric": "rtt", "value": 116.1, "timestamp": 1790752736.9162881}
received
  token_topic: aomqtt/v1/t/ee48a917adb24dbe
  payload:     {"message_id": "e5-pub-T071740Z:e5-20260930T071740Z:75", "seq": 75, "metric": "rtt", "value": 117.1, "timestamp": 1790752737.916283}
received
  token_topic: aomqtt/v1/t/ee48a917adb24dbe
  payload:     {"message_id": "e5-pub-T071740Z:e5-20260930T071740Z:76", "seq": 76, "metric": "rtt", "value": 118.1, "timestamp": 1790752738.916281}
received
  token_topic: aomqtt/v1/t/ee48a917adb24dbe
  payload:     {"message_id": "e5-pub-T071740Z:e5-20260930T071740Z:77", "seq": 77, "metric": "rtt", "value": 119.1, "timestamp": 1790752739.9162703}
received
  token_topic: aomqtt/v1/t/af573f0a4dd1153c
  payload:     {"message_id": "e5-pub-T071740Z:e5-20260930T071740Z:78", "seq": 78, "metric": "rtt", "value": 120.1, "timestamp": 1790752740.9162643}
received
  token_topic: aomqtt/v1/t/af573f0a4dd1153c
  payload:     {"message_id": "e5-pub-T071740Z:e5-20260930T071740Z:79", "seq": 79, "metric": "rtt", "value": 121.1, "timestamp": 1790752741.916251}
received
  token_topic: aomqtt/v1/t/af573f0a4dd1153c
  payload:     {"message_id": "e5-pub-T071740Z:e5-20260930T071740Z:80", "seq": 80, "metric": "rtt", "value": 122.1, "timestamp": 1790752742.91628}
received
  token_topic: aomqtt/v1/t/af573f0a4dd1153c
  payload:     {"message_id": "e5-pub-T071740Z:e5-20260930T071740Z:81", "seq": 81, "metric": "rtt", "value": 123.1, "timestamp": 1790752743.9162712}
received
  token_topic: aomqtt/v1/t/af573f0a4dd1153c
  payload:     {"message_id": "e5-pub-T071740Z:e5-20260930T071740Z:82", "seq": 82, "metric": "rtt", "value": 124.1, "timestamp": 1790752744.9162934}
received
  token_topic: aomqtt/v1/t/af573f0a4dd1153c
  payload:     {"message_id": "e5-pub-T071740Z:e5-20260930T071740Z:83", "seq": 83, "metric": "rtt", "value": 125.1, "timestamp": 1790752745.9162238}
received
  token_topic: aomqtt/v1/t/af573f0a4dd1153c
  payload:     {"message_id": "e5-pub-T071740Z:e5-20260930T071740Z:84", "seq": 84, "metric": "rtt", "value": 126.1, "timestamp": 1790752746.9162984}
received
  token_topic: aomqtt/v1/t/af573f0a4dd1153c
  payload:     {"message_id": "e5-pub-T071740Z:e5-20260930T071740Z:85", "seq": 85, "metric": "rtt", "value": 127.1, "timestamp": 1790752747.916276}
received
  token_topic: aomqtt/v1/t/af573f0a4dd1153c
  payload:     {"message_id": "e5-pub-T071740Z:e5-20260930T071740Z:86", "seq": 86, "metric": "rtt", "value": 128.1, "timestamp": 1790752748.9162946}
received
  token_topic: aomqtt/v1/t/af573f0a4dd1153c
  payload:     {"message_id": "e5-pub-T071740Z:e5-20260930T071740Z:87", "seq": 87, "metric": "rtt", "value": 129.1, "timestamp": 1790752749.9162664}
received
  token_topic: aomqtt/v1/t/af573f0a4dd1153c
  payload:     {"message_id": "e5-pub-T071740Z:e5-20260930T071740Z:88", "seq": 88, "metric": "rtt", "value": 130.1, "timestamp": 1790752750.9162624}
received
  token_topic: aomqtt/v1/t/af573f0a4dd1153c
  payload:     {"message_id": "e5-pub-T071740Z:e5-20260930T071740Z:89", "seq": 89, "metric": "rtt", "value": 131.1, "timestamp": 1790752751.9162211}
received
  token_topic: aomqtt/v1/t/af573f0a4dd1153c
  payload:     {"message_id": "e5-pub-T071740Z:e5-20260930T071740Z:90", "seq": 90, "metric": "rtt", "value": 132.1, "timestamp": 1790752752.9162862}
received
  token_topic: aomqtt/v1/t/af573f0a4dd1153c
  payload:     {"message_id": "e5-pub-T071740Z:e5-20260930T071740Z:91", "seq": 91, "metric": "rtt", "value": 133.1, "timestamp": 1790752753.9162693}
received
  token_topic: aomqtt/v1/t/af573f0a4dd1153c
  payload:     {"message_id": "e5-pub-T071740Z:e5-20260930T071740Z:92", "seq": 92, "metric": "rtt", "value": 134.1, "timestamp": 1790752754.9162734}
received
  token_topic: aomqtt/v1/t/af573f0a4dd1153c
  payload:     {"message_id": "e5-pub-T071740Z:e5-20260930T071740Z:93", "seq": 93, "metric": "rtt", "value": 135.1, "timestamp": 1790752755.9162636}
received
  token_topic: aomqtt/v1/t/af573f0a4dd1153c
  payload:     {"message_id": "e5-pub-T071740Z:e5-20260930T071740Z:94", "seq": 94, "metric": "rtt", "value": 136.1, "timestamp": 1790752756.9162772}
received
  token_topic: aomqtt/v1/t/af573f0a4dd1153c
  payload:     {"message_id": "e5-pub-T071740Z:e5-20260930T071740Z:95", "seq": 95, "metric": "rtt", "value": 137.1, "timestamp": 1790752757.9162693}
received
  token_topic: aomqtt/v1/t/af573f0a4dd1153c
  payload:     {"message_id": "e5-pub-T071740Z:e5-20260930T071740Z:96", "seq": 96, "metric": "rtt", "value": 138.1, "timestamp": 1790752758.9162683}
received
  token_topic: aomqtt/v1/t/af573f0a4dd1153c
  payload:     {"message_id": "e5-pub-T071740Z:e5-20260930T071740Z:97", "seq": 97, "metric": "rtt", "value": 139.1, "timestamp": 1790752759.9162583}
received
  token_topic: aomqtt/v1/t/af573f0a4dd1153c
  payload:     {"message_id": "e5-pub-T071740Z:e5-20260930T071740Z:98", "seq": 98, "metric": "rtt", "value": 140.1, "timestamp": 1790752760.9162707}
received
  token_topic: aomqtt/v1/t/af573f0a4dd1153c
  payload:     {"message_id": "e5-pub-T071740Z:e5-20260930T071740Z:99", "seq": 99, "metric": "rtt", "value": 141.1, "timestamp": 1790752761.916255}
received
  token_topic: aomqtt/v1/t/af573f0a4dd1153c
  payload:     {"message_id": "e5-pub-T071740Z:e5-20260930T071740Z:100", "seq": 100, "metric": "rtt", "value": 142.1, "timestamp": 1790752762.916267}
received
  token_topic: aomqtt/v1/t/af573f0a4dd1153c
  payload:     {"message_id": "e5-pub-T071740Z:e5-20260930T071740Z:101", "seq": 101, "metric": "rtt", "value": 143.1, "timestamp": 1790752763.9162593}
received
  token_topic: aomqtt/v1/t/af573f0a4dd1153c
  payload:     {"message_id": "e5-pub-T071740Z:e5-20260930T071740Z:102", "seq": 102, "metric": "rtt", "value": 144.1, "timestamp": 1790752764.9162283}
received
  token_topic: aomqtt/v1/t/af573f0a4dd1153c
  payload:     {"message_id": "e5-pub-T071740Z:e5-20260930T071740Z:103", "seq": 103, "metric": "rtt", "value": 145.1, "timestamp": 1790752765.9162648}
received
  token_topic: aomqtt/v1/t/af573f0a4dd1153c
  payload:     {"message_id": "e5-pub-T071740Z:e5-20260930T071740Z:104", "seq": 104, "metric": "rtt", "value": 146.1, "timestamp": 1790752766.9162655}
received
  token_topic: aomqtt/v1/t/af573f0a4dd1153c
  payload:     {"message_id": "e5-pub-T071740Z:e5-20260930T071740Z:105", "seq": 105, "metric": "rtt", "value": 147.1, "timestamp": 1790752767.9162562}
received
  token_topic: aomqtt/v1/t/af573f0a4dd1153c
  payload:     {"message_id": "e5-pub-T071740Z:e5-20260930T071740Z:106", "seq": 106, "metric": "rtt", "value": 148.1, "timestamp": 1790752768.916268}
received
  token_topic: aomqtt/v1/t/af573f0a4dd1153c
  payload:     {"message_id": "e5-pub-T071740Z:e5-20260930T071740Z:107", "seq": 107, "metric": "rtt", "value": 149.1, "timestamp": 1790752769.9162495}
received
  token_topic: aomqtt/v1/t/a6303da4625e7f03
  payload:     {"message_id": "e5-pub-T071740Z:e5-20260930T071740Z:108", "seq": 108, "metric": "rtt", "value": 150.1, "timestamp": 1790752770.91627}
received
  token_topic: aomqtt/v1/t/a6303da4625e7f03
  payload:     {"message_id": "e5-pub-T071740Z:e5-20260930T071740Z:109", "seq": 109, "metric": "rtt", "value": 151.1, "timestamp": 1790752771.916261}
received
  token_topic: aomqtt/v1/t/a6303da4625e7f03
  payload:     {"message_id": "e5-pub-T071740Z:e5-20260930T071740Z:110", "seq": 110, "metric": "rtt", "value": 152.1, "timestamp": 1790752772.9162219}
received
  token_topic: aomqtt/v1/t/a6303da4625e7f03
  payload:     {"message_id": "e5-pub-T071740Z:e5-20260930T071740Z:111", "seq": 111, "metric": "rtt", "value": 153.1, "timestamp": 1790752773.9162576}
received
  token_topic: aomqtt/v1/t/a6303da4625e7f03
  payload:     {"message_id": "e5-pub-T071740Z:e5-20260930T071740Z:112", "seq": 112, "metric": "rtt", "value": 154.1, "timestamp": 1790752774.9162781}
received
  token_topic: aomqtt/v1/t/a6303da4625e7f03
  payload:     {"message_id": "e5-pub-T071740Z:e5-20260930T071740Z:113", "seq": 113, "metric": "rtt", "value": 155.1, "timestamp": 1790752775.9162612}
received
  token_topic: aomqtt/v1/t/a6303da4625e7f03
  payload:     {"message_id": "e5-pub-T071740Z:e5-20260930T071740Z:114", "seq": 114, "metric": "rtt", "value": 156.1, "timestamp": 1790752776.9162676}
received
  token_topic: aomqtt/v1/t/a6303da4625e7f03
  payload:     {"message_id": "e5-pub-T071740Z:e5-20260930T071740Z:115", "seq": 115, "metric": "rtt", "value": 157.1, "timestamp": 1790752777.9162602}
received
  token_topic: aomqtt/v1/t/a6303da4625e7f03
  payload:     {"message_id": "e5-pub-T071740Z:e5-20260930T071740Z:116", "seq": 116, "metric": "rtt", "value": 158.1, "timestamp": 1790752778.916267}
received
  token_topic: aomqtt/v1/t/a6303da4625e7f03
  payload:     {"message_id": "e5-pub-T071740Z:e5-20260930T071740Z:117", "seq": 117, "metric": "rtt", "value": 159.1, "timestamp": 1790752779.916274}
received
  token_topic: aomqtt/v1/t/a6303da4625e7f03
  payload:     {"message_id": "e5-pub-T071740Z:e5-20260930T071740Z:118", "seq": 118, "metric": "rtt", "value": 160.1, "timestamp": 1790752780.9163294}
received
  token_topic: aomqtt/v1/t/a6303da4625e7f03
  payload:     {"message_id": "e5-pub-T071740Z:e5-20260930T071740Z:119", "seq": 119, "metric": "rtt", "value": 161.1, "timestamp": 1790752781.9162667}
received
  token_topic: aomqtt/v1/t/a6303da4625e7f03
  payload:     {"message_id": "e5-pub-T071740Z:e5-20260930T071740Z:120", "seq": 120, "metric": "rtt", "value": 162.1, "timestamp": 1790752782.9162567}
received
  token_topic: aomqtt/v1/t/a6303da4625e7f03
  payload:     {"message_id": "e5-pub-T071740Z:e5-20260930T071740Z:121", "seq": 121, "metric": "rtt", "value": 163.1, "timestamp": 1790752783.9162633}
received
  token_topic: aomqtt/v1/t/a6303da4625e7f03
  payload:     {"message_id": "e5-pub-T071740Z:e5-20260930T071740Z:122", "seq": 122, "metric": "rtt", "value": 164.1, "timestamp": 1790752784.9163303}
received
  token_topic: aomqtt/v1/t/a6303da4625e7f03
  payload:     {"message_id": "e5-pub-T071740Z:e5-20260930T071740Z:123", "seq": 123, "metric": "rtt", "value": 165.1, "timestamp": 1790752785.9162636}
received
  token_topic: aomqtt/v1/t/a6303da4625e7f03
  payload:     {"message_id": "e5-pub-T071740Z:e5-20260930T071740Z:124", "seq": 124, "metric": "rtt", "value": 166.1, "timestamp": 1790752786.9162626}
received
  token_topic: aomqtt/v1/t/a6303da4625e7f03
  payload:     {"message_id": "e5-pub-T071740Z:e5-20260930T071740Z:125", "seq": 125, "metric": "rtt", "value": 167.1, "timestamp": 1790752787.916262}
received
  token_topic: aomqtt/v1/t/a6303da4625e7f03
  payload:     {"message_id": "e5-pub-T071740Z:e5-20260930T071740Z:126", "seq": 126, "metric": "rtt", "value": 168.1, "timestamp": 1790752788.9162974}
received
  token_topic: aomqtt/v1/t/a6303da4625e7f03
  payload:     {"message_id": "e5-pub-T071740Z:e5-20260930T071740Z:127", "seq": 127, "metric": "rtt", "value": 169.1, "timestamp": 1790752789.9162724}
received
  token_topic: aomqtt/v1/t/a6303da4625e7f03
  payload:     {"message_id": "e5-pub-T071740Z:e5-20260930T071740Z:128", "seq": 128, "metric": "rtt", "value": 170.1, "timestamp": 1790752790.9162679}
received
  token_topic: aomqtt/v1/t/a6303da4625e7f03
  payload:     {"message_id": "e5-pub-T071740Z:e5-20260930T071740Z:129", "seq": 129, "metric": "rtt", "value": 171.1, "timestamp": 1790752791.9162796}
received
  token_topic: aomqtt/v1/t/a6303da4625e7f03
  payload:     {"message_id": "e5-pub-T071740Z:e5-20260930T071740Z:130", "seq": 130, "metric": "rtt", "value": 172.1, "timestamp": 1790752792.916262}
received
  token_topic: aomqtt/v1/t/a6303da4625e7f03
  payload:     {"message_id": "e5-pub-T071740Z:e5-20260930T071740Z:131", "seq": 131, "metric": "rtt", "value": 173.1, "timestamp": 1790752793.9162638}
received
  token_topic: aomqtt/v1/t/a6303da4625e7f03
  payload:     {"message_id": "e5-pub-T071740Z:e5-20260930T071740Z:132", "seq": 132, "metric": "rtt", "value": 174.1, "timestamp": 1790752794.9162946}
received
  token_topic: aomqtt/v1/t/a6303da4625e7f03
  payload:     {"message_id": "e5-pub-T071740Z:e5-20260930T071740Z:133", "seq": 133, "metric": "rtt", "value": 175.1, "timestamp": 1790752795.9162683}
received
  token_topic: aomqtt/v1/t/a6303da4625e7f03
  payload:     {"message_id": "e5-pub-T071740Z:e5-20260930T071740Z:134", "seq": 134, "metric": "rtt", "value": 176.1, "timestamp": 1790752796.9162896}
received
  token_topic: aomqtt/v1/t/a6303da4625e7f03
  payload:     {"message_id": "e5-pub-T071740Z:e5-20260930T071740Z:135", "seq": 135, "metric": "rtt", "value": 177.1, "timestamp": 1790752797.916263}
received
  token_topic: aomqtt/v1/t/a6303da4625e7f03
  payload:     {"message_id": "e5-pub-T071740Z:e5-20260930T071740Z:136", "seq": 136, "metric": "rtt", "value": 178.1, "timestamp": 1790752798.9162679}
received
  token_topic: aomqtt/v1/t/a6303da4625e7f03
  payload:     {"message_id": "e5-pub-T071740Z:e5-20260930T071740Z:137", "seq": 137, "metric": "rtt", "value": 179.1, "timestamp": 1790752799.916281}
received
  token_topic: aomqtt/v1/t/de7b84e93de93378
  payload:     {"message_id": "e5-pub-T071740Z:e5-20260930T071740Z:138", "seq": 138, "metric": "rtt", "value": 180.1, "timestamp": 1790752800.9162977}
received
  token_topic: aomqtt/v1/t/de7b84e93de93378
  payload:     {"message_id": "e5-pub-T071740Z:e5-20260930T071740Z:139", "seq": 139, "metric": "rtt", "value": 181.1, "timestamp": 1790752801.916272}
received
  token_topic: aomqtt/v1/t/de7b84e93de93378
  payload:     {"message_id": "e5-pub-T071740Z:e5-20260930T071740Z:140", "seq": 140, "metric": "rtt", "value": 182.1, "timestamp": 1790752802.9162781}
received
  token_topic: aomqtt/v1/t/de7b84e93de93378
  payload:     {"message_id": "e5-pub-T071740Z:e5-20260930T071740Z:141", "seq": 141, "metric": "rtt", "value": 183.1, "timestamp": 1790752803.916254}
received
  token_topic: aomqtt/v1/t/de7b84e93de93378
  payload:     {"message_id": "e5-pub-T071740Z:e5-20260930T071740Z:142", "seq": 142, "metric": "rtt", "value": 184.1, "timestamp": 1790752804.916273}
received
  token_topic: aomqtt/v1/t/de7b84e93de93378
  payload:     {"message_id": "e5-pub-T071740Z:e5-20260930T071740Z:143", "seq": 143, "metric": "rtt", "value": 185.1, "timestamp": 1790752805.916297}
received
  token_topic: aomqtt/v1/t/de7b84e93de93378
  payload:     {"message_id": "e5-pub-T071740Z:e5-20260930T071740Z:144", "seq": 144, "metric": "rtt", "value": 186.1, "timestamp": 1790752806.9162767}
received
  token_topic: aomqtt/v1/t/de7b84e93de93378
  payload:     {"message_id": "e5-pub-T071740Z:e5-20260930T071740Z:145", "seq": 145, "metric": "rtt", "value": 187.1, "timestamp": 1790752807.9162202}
received
  token_topic: aomqtt/v1/t/de7b84e93de93378
  payload:     {"message_id": "e5-pub-T071740Z:e5-20260930T071740Z:146", "seq": 146, "metric": "rtt", "value": 188.1, "timestamp": 1790752808.916277}
received
  token_topic: aomqtt/v1/t/de7b84e93de93378
  payload:     {"message_id": "e5-pub-T071740Z:e5-20260930T071740Z:147", "seq": 147, "metric": "rtt", "value": 189.1, "timestamp": 1790752809.9162679}
received
  token_topic: aomqtt/v1/t/de7b84e93de93378
  payload:     {"message_id": "e5-pub-T071740Z:e5-20260930T071740Z:148", "seq": 148, "metric": "rtt", "value": 190.1, "timestamp": 1790752810.9162877}
received
  token_topic: aomqtt/v1/t/de7b84e93de93378
  payload:     {"message_id": "e5-pub-T071740Z:e5-20260930T071740Z:149", "seq": 149, "metric": "rtt", "value": 191.1, "timestamp": 1790752811.9162664}
received
  token_topic: aomqtt/v1/t/de7b84e93de93378
  payload:     {"message_id": "e5-pub-T071740Z:e5-20260930T071740Z:150", "seq": 150, "metric": "rtt", "value": 192.1, "timestamp": 1790752812.9162867}
received
  token_topic: aomqtt/v1/t/de7b84e93de93378
  payload:     {"message_id": "e5-pub-T071740Z:e5-20260930T071740Z:151", "seq": 151, "metric": "rtt", "value": 193.1, "timestamp": 1790752813.916282}
received
  token_topic: aomqtt/v1/t/de7b84e93de93378
  payload:     {"message_id": "e5-pub-T071740Z:e5-20260930T071740Z:152", "seq": 152, "metric": "rtt", "value": 194.1, "timestamp": 1790752814.9162908}
received
  token_topic: aomqtt/v1/t/de7b84e93de93378
  payload:     {"message_id": "e5-pub-T071740Z:e5-20260930T071740Z:153", "seq": 153, "metric": "rtt", "value": 195.1, "timestamp": 1790752815.9162283}
received
  token_topic: aomqtt/v1/t/de7b84e93de93378
  payload:     {"message_id": "e5-pub-T071740Z:e5-20260930T071740Z:154", "seq": 154, "metric": "rtt", "value": 196.1, "timestamp": 1790752816.9162881}
received
  token_topic: aomqtt/v1/t/de7b84e93de93378
  payload:     {"message_id": "e5-pub-T071740Z:e5-20260930T071740Z:155", "seq": 155, "metric": "rtt", "value": 197.1, "timestamp": 1790752817.9162784}
received
  token_topic: aomqtt/v1/t/de7b84e93de93378
  payload:     {"message_id": "e5-pub-T071740Z:e5-20260930T071740Z:156", "seq": 156, "metric": "rtt", "value": 198.1, "timestamp": 1790752818.916261}
received
  token_topic: aomqtt/v1/t/de7b84e93de93378
  payload:     {"message_id": "e5-pub-T071740Z:e5-20260930T071740Z:157", "seq": 157, "metric": "rtt", "value": 199.1, "timestamp": 1790752819.9162667}
received
  token_topic: aomqtt/v1/t/de7b84e93de93378
  payload:     {"message_id": "e5-pub-T071740Z:e5-20260930T071740Z:158", "seq": 158, "metric": "rtt", "value": 200.1, "timestamp": 1790752820.9162729}
received
  token_topic: aomqtt/v1/t/de7b84e93de93378
  payload:     {"message_id": "e5-pub-T071740Z:e5-20260930T071740Z:159", "seq": 159, "metric": "rtt", "value": 201.1, "timestamp": 1790752821.9162693}
received
  token_topic: aomqtt/v1/t/de7b84e93de93378
  payload:     {"message_id": "e5-pub-T071740Z:e5-20260930T071740Z:160", "seq": 160, "metric": "rtt", "value": 202.1, "timestamp": 1790752822.9162776}
received
  token_topic: aomqtt/v1/t/de7b84e93de93378
  payload:     {"message_id": "e5-pub-T071740Z:e5-20260930T071740Z:161", "seq": 161, "metric": "rtt", "value": 203.1, "timestamp": 1790752823.9162552}
received
  token_topic: aomqtt/v1/t/de7b84e93de93378
  payload:     {"message_id": "e5-pub-T071740Z:e5-20260930T071740Z:162", "seq": 162, "metric": "rtt", "value": 204.1, "timestamp": 1790752824.9162667}
received
  token_topic: aomqtt/v1/t/de7b84e93de93378
  payload:     {"message_id": "e5-pub-T071740Z:e5-20260930T071740Z:163", "seq": 163, "metric": "rtt", "value": 205.1, "timestamp": 1790752825.9162683}
received
  token_topic: aomqtt/v1/t/de7b84e93de93378
  payload:     {"message_id": "e5-pub-T071740Z:e5-20260930T071740Z:164", "seq": 164, "metric": "rtt", "value": 206.1, "timestamp": 1790752826.916265}
received
  token_topic: aomqtt/v1/t/de7b84e93de93378
  payload:     {"message_id": "e5-pub-T071740Z:e5-20260930T071740Z:165", "seq": 165, "metric": "rtt", "value": 207.1, "timestamp": 1790752827.9162643}
received
  token_topic: aomqtt/v1/t/de7b84e93de93378
  payload:     {"message_id": "e5-pub-T071740Z:e5-20260930T071740Z:166", "seq": 166, "metric": "rtt", "value": 208.1, "timestamp": 1790752828.9162617}
received
  token_topic: aomqtt/v1/t/de7b84e93de93378
  payload:     {"message_id": "e5-pub-T071740Z:e5-20260930T071740Z:167", "seq": 167, "metric": "rtt", "value": 209.1, "timestamp": 1790752829.916261}
received
  token_topic: aomqtt/v1/t/c6f3017c9b552df9
  payload:     {"message_id": "e5-pub-T071740Z:e5-20260930T071740Z:168", "seq": 168, "metric": "rtt", "value": 210.1, "timestamp": 1790752830.9162652}
received
  token_topic: aomqtt/v1/t/c6f3017c9b552df9
  payload:     {"message_id": "e5-pub-T071740Z:e5-20260930T071740Z:169", "seq": 169, "metric": "rtt", "value": 211.1, "timestamp": 1790752831.9162564}
received
  token_topic: aomqtt/v1/t/c6f3017c9b552df9
  payload:     {"message_id": "e5-pub-T071740Z:e5-20260930T071740Z:170", "seq": 170, "metric": "rtt", "value": 212.1, "timestamp": 1790752832.9162552}
received
  token_topic: aomqtt/v1/t/c6f3017c9b552df9
  payload:     {"message_id": "e5-pub-T071740Z:e5-20260930T071740Z:171", "seq": 171, "metric": "rtt", "value": 213.1, "timestamp": 1790752833.916263}
received
  token_topic: aomqtt/v1/t/c6f3017c9b552df9
  payload:     {"message_id": "e5-pub-T071740Z:e5-20260930T071740Z:172", "seq": 172, "metric": "rtt", "value": 214.1, "timestamp": 1790752834.9162588}
received
  token_topic: aomqtt/v1/t/c6f3017c9b552df9
  payload:     {"message_id": "e5-pub-T071740Z:e5-20260930T071740Z:173", "seq": 173, "metric": "rtt", "value": 215.1, "timestamp": 1790752835.9162714}
received
  token_topic: aomqtt/v1/t/c6f3017c9b552df9
  payload:     {"message_id": "e5-pub-T071740Z:e5-20260930T071740Z:174", "seq": 174, "metric": "rtt", "value": 216.1, "timestamp": 1790752836.9162633}
received
  token_topic: aomqtt/v1/t/c6f3017c9b552df9
  payload:     {"message_id": "e5-pub-T071740Z:e5-20260930T071740Z:175", "seq": 175, "metric": "rtt", "value": 217.1, "timestamp": 1790752837.9162636}
received
  token_topic: aomqtt/v1/t/c6f3017c9b552df9
  payload:     {"message_id": "e5-pub-T071740Z:e5-20260930T071740Z:176", "seq": 176, "metric": "rtt", "value": 218.1, "timestamp": 1790752838.9162664}
received
  token_topic: aomqtt/v1/t/c6f3017c9b552df9
  payload:     {"message_id": "e5-pub-T071740Z:e5-20260930T071740Z:177", "seq": 177, "metric": "rtt", "value": 219.1, "timestamp": 1790752839.916219}
received
  token_topic: aomqtt/v1/t/c6f3017c9b552df9
  payload:     {"message_id": "e5-pub-T071740Z:e5-20260930T071740Z:178", "seq": 178, "metric": "rtt", "value": 220.1, "timestamp": 1790752840.9162233}
received
  token_topic: aomqtt/v1/t/c6f3017c9b552df9
  payload:     {"message_id": "e5-pub-T071740Z:e5-20260930T071740Z:179", "seq": 179, "metric": "rtt", "value": 221.1, "timestamp": 1790752841.916223}
received
  token_topic: aomqtt/v1/t/c6f3017c9b552df9
  payload:     {"message_id": "e5-pub-T071740Z:e5-20260930T071740Z:180", "seq": 180, "metric": "rtt", "value": 222.1, "timestamp": 1790752842.9162543}
received
  token_topic: aomqtt/v1/t/c6f3017c9b552df9
  payload:     {"message_id": "e5-pub-T071740Z:e5-20260930T071740Z:181", "seq": 181, "metric": "rtt", "value": 223.1, "timestamp": 1790752843.9162612}
received
  token_topic: aomqtt/v1/t/c6f3017c9b552df9
  payload:     {"message_id": "e5-pub-T071740Z:e5-20260930T071740Z:182", "seq": 182, "metric": "rtt", "value": 224.1, "timestamp": 1790752844.9162645}
received
  token_topic: aomqtt/v1/t/c6f3017c9b552df9
  payload:     {"message_id": "e5-pub-T071740Z:e5-20260930T071740Z:183", "seq": 183, "metric": "rtt", "value": 225.1, "timestamp": 1790752845.9162626}
received
  token_topic: aomqtt/v1/t/c6f3017c9b552df9
  payload:     {"message_id": "e5-pub-T071740Z:e5-20260930T071740Z:184", "seq": 184, "metric": "rtt", "value": 226.1, "timestamp": 1790752846.916258}
received
  token_topic: aomqtt/v1/t/c6f3017c9b552df9
  payload:     {"message_id": "e5-pub-T071740Z:e5-20260930T071740Z:185", "seq": 185, "metric": "rtt", "value": 227.1, "timestamp": 1790752847.9162593}
received
  token_topic: aomqtt/v1/t/c6f3017c9b552df9
  payload:     {"message_id": "e5-pub-T071740Z:e5-20260930T071740Z:186", "seq": 186, "metric": "rtt", "value": 228.1, "timestamp": 1790752848.9162562}
received
  token_topic: aomqtt/v1/t/c6f3017c9b552df9
  payload:     {"message_id": "e5-pub-T071740Z:e5-20260930T071740Z:187", "seq": 187, "metric": "rtt", "value": 229.1, "timestamp": 1790752849.9162529}
received
  token_topic: aomqtt/v1/t/c6f3017c9b552df9
  payload:     {"message_id": "e5-pub-T071740Z:e5-20260930T071740Z:188", "seq": 188, "metric": "rtt", "value": 230.1, "timestamp": 1790752850.9162614}
delivery summary:
  total received:       213
  decrypt success:      213
  decrypt failed:       0
  unique messages:      189
  duplicates:           24
  duplicate_rate:       0.113
  avg_delivery_ms:      0.625
  p95_delivery_ms:      1.090
Traceback (most recent call last):
  File "/home/ogawa/aomqtt-paper-artifact/software/aomqtt-v1.3.7/examples/subscriber_example.py", line 186, in <module>
    main()
  File "/home/ogawa/aomqtt-paper-artifact/software/aomqtt-v1.3.7/examples/subscriber_example.py", line 169, in main
    sub.loop_forever()
  File "/home/ogawa/aomqtt-paper-artifact/software/aomqtt-v1.3.7/aomqtt/client.py", line 89, in loop_forever
    self.transport.loop_forever()
  File "/home/ogawa/aomqtt-paper-artifact/software/aomqtt-v1.3.7/aomqtt/transport/paho_adapter.py", line 77, in loop_forever
    self.client.loop_forever()
  File "/home/ogawa/aomqtt-e3-work/.venv/lib/python3.12/site-packages/paho/mqtt/client.py", line 2297, in loop_forever
    rc = self._loop(timeout)
         ^^^^^^^^^^^^^^^^^^^
  File "/home/ogawa/aomqtt-e3-work/.venv/lib/python3.12/site-packages/paho/mqtt/client.py", line 1663, in _loop
    socklist = select.select(rlist, wlist, [], timeout)
               ^^^^^^^^^^^^^^^^^^^^^^^^^^^^^^^^^^^^^^^^
KeyboardInterrupt
