policy id:           e5_overlap5_fixed512
policy name:         e5_overlap5_fixed512
token mode:          whole
rotation enabled:    True
rotation interval:   30s
rotation overlap:    5s
mqtt qos:            1
pacing mode:         fixed-rate
configured interval: 1.0s
policy file:         /home/ogawa/aomqtt-paper-artifact/evaluation/source/e5/e5_initial_policy.yaml
padding enabled:     True
padding mode:        fixed
current epoch:       59691761
plaintext topic:     e5/siteA/closedloop
token topic current: aomqtt/v1/t/c6f3017c9b552df9
experiment id:       aomqtt-e5-closed-loop
run id:              e5-20260930T072057Z
metrics csv:         /home/ogawa/aomqtt-paper-artifact/results/e5/e5-20260930T072057Z/raw/publisher_metrics.csv
experiment config:   /home/ogawa/aomqtt-paper-artifact/results/e5/e5-20260930T072057Z/raw/publisher_experiment_config.json
control topic:       aomqtt/control/e5-T072057Z/policy
control group id:    e5-T072057Z
published {"message_id": "e5-pub-T072057Z:e5-20260930T072057Z:0", "seq": 0, "metric": "rtt", "value": 42.1, "timestamp": 1790752860.1607473} mqtt_messages=2 success=2/2 avg_publish_complete_ms=0.378 padding_added=782 epoch_state=59691762
published {"message_id": "e5-pub-T072057Z:e5-20260930T072057Z:1", "seq": 1, "metric": "rtt", "value": 43.1, "timestamp": 1790752861.160869} mqtt_messages=2 success=2/2 avg_publish_complete_ms=0.373 padding_added=784 epoch_state=59691762
published {"message_id": "e5-pub-T072057Z:e5-20260930T072057Z:2", "seq": 2, "metric": "rtt", "value": 44.1, "timestamp": 1790752862.1608806} mqtt_messages=2 success=2/2 avg_publish_complete_ms=0.327 padding_added=782 epoch_state=59691762
published {"message_id": "e5-pub-T072057Z:e5-20260930T072057Z:3", "seq": 3, "metric": "rtt", "value": 45.1, "timestamp": 1790752863.1608646} mqtt_messages=2 success=2/2 avg_publish_complete_ms=0.370 padding_added=782 epoch_state=59691762
published {"message_id": "e5-pub-T072057Z:e5-20260930T072057Z:4", "seq": 4, "metric": "rtt", "value": 46.1, "timestamp": 1790752864.1608818} mqtt_messages=2 success=2/2 avg_publish_complete_ms=0.355 padding_added=782 epoch_state=59691762
published {"message_id": "e5-pub-T072057Z:e5-20260930T072057Z:5", "seq": 5, "metric": "rtt", "value": 47.1, "timestamp": 1790752865.160879} mqtt_messages=1 success=1/1 avg_publish_complete_ms=0.479 padding_added=392 epoch_state=59691762
published {"message_id": "e5-pub-T072057Z:e5-20260930T072057Z:6", "seq": 6, "metric": "rtt", "value": 48.1, "timestamp": 1790752866.1608713} mqtt_messages=1 success=1/1 avg_publish_complete_ms=0.442 padding_added=391 epoch_state=59691762
published {"message_id": "e5-pub-T072057Z:e5-20260930T072057Z:7", "seq": 7, "metric": "rtt", "value": 49.1, "timestamp": 1790752867.1608646} mqtt_messages=1 success=1/1 avg_publish_complete_ms=0.410 padding_added=391 epoch_state=59691762
published {"message_id": "e5-pub-T072057Z:e5-20260930T072057Z:8", "seq": 8, "metric": "rtt", "value": 50.1, "timestamp": 1790752868.1608825} mqtt_messages=1 success=1/1 avg_publish_complete_ms=0.386 padding_added=391 epoch_state=59691762
published {"message_id": "e5-pub-T072057Z:e5-20260930T072057Z:9", "seq": 9, "metric": "rtt", "value": 51.1, "timestamp": 1790752869.1608644} mqtt_messages=1 success=1/1 avg_publish_complete_ms=0.498 padding_added=391 epoch_state=59691762
published {"message_id": "e5-pub-T072057Z:e5-20260930T072057Z:10", "seq": 10, "metric": "rtt", "value": 52.1, "timestamp": 1790752870.1608582} mqtt_messages=1 success=1/1 avg_publish_complete_ms=0.481 padding_added=389 epoch_state=59691762
published {"message_id": "e5-pub-T072057Z:e5-20260930T072057Z:11", "seq": 11, "metric": "rtt", "value": 53.1, "timestamp": 1790752871.1608615} mqtt_messages=1 success=1/1 avg_publish_complete_ms=0.437 padding_added=389 epoch_state=59691762
published {"message_id": "e5-pub-T072057Z:e5-20260930T072057Z:12", "seq": 12, "metric": "rtt", "value": 54.1, "timestamp": 1790752872.1608622} mqtt_messages=1 success=1/1 avg_publish_complete_ms=0.367 padding_added=389 epoch_state=59691762
published {"message_id": "e5-pub-T072057Z:e5-20260930T072057Z:13", "seq": 13, "metric": "rtt", "value": 55.1, "timestamp": 1790752873.1608567} mqtt_messages=1 success=1/1 avg_publish_complete_ms=0.347 padding_added=389 epoch_state=59691762
published {"message_id": "e5-pub-T072057Z:e5-20260930T072057Z:14", "seq": 14, "metric": "rtt", "value": 56.1, "timestamp": 1790752874.1608827} mqtt_messages=1 success=1/1 avg_publish_complete_ms=0.379 padding_added=389 epoch_state=59691762
published {"message_id": "e5-pub-T072057Z:e5-20260930T072057Z:15", "seq": 15, "metric": "rtt", "value": 57.1, "timestamp": 1790752875.1608806} mqtt_messages=1 success=1/1 avg_publish_complete_ms=0.392 padding_added=389 epoch_state=59691762
published {"message_id": "e5-pub-T072057Z:e5-20260930T072057Z:16", "seq": 16, "metric": "rtt", "value": 58.1, "timestamp": 1790752876.1608713} mqtt_messages=1 success=1/1 avg_publish_complete_ms=0.381 padding_added=389 epoch_state=59691762
published {"message_id": "e5-pub-T072057Z:e5-20260930T072057Z:17", "seq": 17, "metric": "rtt", "value": 59.1, "timestamp": 1790752877.160871} mqtt_messages=1 success=1/1 avg_publish_complete_ms=0.403 padding_added=390 epoch_state=59691762
published {"message_id": "e5-pub-T072057Z:e5-20260930T072057Z:18", "seq": 18, "metric": "rtt", "value": 60.1, "timestamp": 1790752878.1608546} mqtt_messages=1 success=1/1 avg_publish_complete_ms=0.432 padding_added=389 epoch_state=59691762
published {"message_id": "e5-pub-T072057Z:e5-20260930T072057Z:19", "seq": 19, "metric": "rtt", "value": 61.1, "timestamp": 1790752879.16086} mqtt_messages=1 success=1/1 avg_publish_complete_ms=0.422 padding_added=391 epoch_state=59691762
published {"message_id": "e5-pub-T072057Z:e5-20260930T072057Z:20", "seq": 20, "metric": "rtt", "value": 62.1, "timestamp": 1790752880.1608737} mqtt_messages=1 success=1/1 avg_publish_complete_ms=0.409 padding_added=389 epoch_state=59691762
published {"message_id": "e5-pub-T072057Z:e5-20260930T072057Z:21", "seq": 21, "metric": "rtt", "value": 63.1, "timestamp": 1790752881.1608315} mqtt_messages=1 success=1/1 avg_publish_complete_ms=0.402 padding_added=389 epoch_state=59691762
published {"message_id": "e5-pub-T072057Z:e5-20260930T072057Z:22", "seq": 22, "metric": "rtt", "value": 64.1, "timestamp": 1790752882.1608264} mqtt_messages=1 success=1/1 avg_publish_complete_ms=0.400 padding_added=389 epoch_state=59691762
published {"message_id": "e5-pub-T072057Z:e5-20260930T072057Z:23", "seq": 23, "metric": "rtt", "value": 65.1, "timestamp": 1790752883.1608243} mqtt_messages=1 success=1/1 avg_publish_complete_ms=0.419 padding_added=389 epoch_state=59691762
published {"message_id": "e5-pub-T072057Z:e5-20260930T072057Z:24", "seq": 24, "metric": "rtt", "value": 66.1, "timestamp": 1790752884.1608946} mqtt_messages=1 success=1/1 avg_publish_complete_ms=0.390 padding_added=389 epoch_state=59691762
published {"message_id": "e5-pub-T072057Z:e5-20260930T072057Z:25", "seq": 25, "metric": "rtt", "value": 67.1, "timestamp": 1790752885.160906} mqtt_messages=1 success=1/1 avg_publish_complete_ms=0.467 padding_added=390 epoch_state=59691762
published {"message_id": "e5-pub-T072057Z:e5-20260930T072057Z:26", "seq": 26, "metric": "rtt", "value": 68.1, "timestamp": 1790752886.1608894} mqtt_messages=1 success=1/1 avg_publish_complete_ms=0.407 padding_added=389 epoch_state=59691762
published {"message_id": "e5-pub-T072057Z:e5-20260930T072057Z:27", "seq": 27, "metric": "rtt", "value": 69.1, "timestamp": 1790752887.16083} mqtt_messages=1 success=1/1 avg_publish_complete_ms=0.418 padding_added=391 epoch_state=59691762
published {"message_id": "e5-pub-T072057Z:e5-20260930T072057Z:28", "seq": 28, "metric": "rtt", "value": 70.1, "timestamp": 1790752888.1608655} mqtt_messages=1 success=1/1 avg_publish_complete_ms=0.389 padding_added=389 epoch_state=59691762
published {"message_id": "e5-pub-T072057Z:e5-20260930T072057Z:29", "seq": 29, "metric": "rtt", "value": 71.1, "timestamp": 1790752889.1608932} mqtt_messages=1 success=1/1 avg_publish_complete_ms=0.395 padding_added=389 epoch_state=59691762
published {"message_id": "e5-pub-T072057Z:e5-20260930T072057Z:30", "seq": 30, "metric": "rtt", "value": 72.1, "timestamp": 1790752890.1608994} mqtt_messages=2 success=2/2 avg_publish_complete_ms=0.351 padding_added=778 epoch_state=59691763
published {"message_id": "e5-pub-T072057Z:e5-20260930T072057Z:31", "seq": 31, "metric": "rtt", "value": 73.1, "timestamp": 1790752891.1608713} mqtt_messages=2 success=2/2 avg_publish_complete_ms=0.334 padding_added=778 epoch_state=59691763
published {"message_id": "e5-pub-T072057Z:e5-20260930T072057Z:32", "seq": 32, "metric": "rtt", "value": 74.1, "timestamp": 1790752892.1608627} mqtt_messages=2 success=2/2 avg_publish_complete_ms=0.329 padding_added=778 epoch_state=59691763
published {"message_id": "e5-pub-T072057Z:e5-20260930T072057Z:33", "seq": 33, "metric": "rtt", "value": 75.1, "timestamp": 1790752893.1608574} mqtt_messages=2 success=2/2 avg_publish_complete_ms=0.366 padding_added=778 epoch_state=59691763
published {"message_id": "e5-pub-T072057Z:e5-20260930T072057Z:34", "seq": 34, "metric": "rtt", "value": 76.1, "timestamp": 1790752894.1608868} mqtt_messages=2 success=2/2 avg_publish_complete_ms=0.323 padding_added=778 epoch_state=59691763
published {"message_id": "e5-pub-T072057Z:e5-20260930T072057Z:35", "seq": 35, "metric": "rtt", "value": 77.1, "timestamp": 1790752895.1608832} mqtt_messages=1 success=1/1 avg_publish_complete_ms=0.487 padding_added=389 epoch_state=59691763
published {"message_id": "e5-pub-T072057Z:e5-20260930T072057Z:36", "seq": 36, "metric": "rtt", "value": 78.1, "timestamp": 1790752896.1608856} mqtt_messages=1 success=1/1 avg_publish_complete_ms=0.429 padding_added=389 epoch_state=59691763
published {"message_id": "e5-pub-T072057Z:e5-20260930T072057Z:37", "seq": 37, "metric": "rtt", "value": 79.1, "timestamp": 1790752897.1608937} mqtt_messages=1 success=1/1 avg_publish_complete_ms=0.416 padding_added=389 epoch_state=59691763
published {"message_id": "e5-pub-T072057Z:e5-20260930T072057Z:38", "seq": 38, "metric": "rtt", "value": 80.1, "timestamp": 1790752898.1608799} mqtt_messages=1 success=1/1 avg_publish_complete_ms=0.411 padding_added=389 epoch_state=59691763
published {"message_id": "e5-pub-T072057Z:e5-20260930T072057Z:39", "seq": 39, "metric": "rtt", "value": 81.1, "timestamp": 1790752899.16086} mqtt_messages=1 success=1/1 avg_publish_complete_ms=0.406 padding_added=391 epoch_state=59691763
published {"message_id": "e5-pub-T072057Z:e5-20260930T072057Z:40", "seq": 40, "metric": "rtt", "value": 82.1, "timestamp": 1790752900.1608999} mqtt_messages=1 success=1/1 avg_publish_complete_ms=0.366 padding_added=389 epoch_state=59691763
published {"message_id": "e5-pub-T072057Z:e5-20260930T072057Z:41", "seq": 41, "metric": "rtt", "value": 83.1, "timestamp": 1790752901.160886} mqtt_messages=1 success=1/1 avg_publish_complete_ms=0.403 padding_added=390 epoch_state=59691763
published {"message_id": "e5-pub-T072057Z:e5-20260930T072057Z:42", "seq": 42, "metric": "rtt", "value": 84.1, "timestamp": 1790752902.160875} mqtt_messages=1 success=1/1 avg_publish_complete_ms=0.390 padding_added=390 epoch_state=59691763
published {"message_id": "e5-pub-T072057Z:e5-20260930T072057Z:43", "seq": 43, "metric": "rtt", "value": 85.1, "timestamp": 1790752903.1608696} mqtt_messages=1 success=1/1 avg_publish_complete_ms=0.372 padding_added=389 epoch_state=59691763
published {"message_id": "e5-pub-T072057Z:e5-20260930T072057Z:44", "seq": 44, "metric": "rtt", "value": 86.1, "timestamp": 1790752904.1608636} mqtt_messages=1 success=1/1 avg_publish_complete_ms=0.380 padding_added=389 epoch_state=59691763
published {"message_id": "e5-pub-T072057Z:e5-20260930T072057Z:45", "seq": 45, "metric": "rtt", "value": 87.1, "timestamp": 1790752905.160898} mqtt_messages=1 success=1/1 avg_publish_complete_ms=0.431 padding_added=390 epoch_state=59691763
published {"message_id": "e5-pub-T072057Z:e5-20260930T072057Z:46", "seq": 46, "metric": "rtt", "value": 88.1, "timestamp": 1790752906.1608982} mqtt_messages=1 success=1/1 avg_publish_complete_ms=0.385 padding_added=389 epoch_state=59691763
published {"message_id": "e5-pub-T072057Z:e5-20260930T072057Z:47", "seq": 47, "metric": "rtt", "value": 89.1, "timestamp": 1790752907.1608334} mqtt_messages=1 success=1/1 avg_publish_complete_ms=0.397 padding_added=389 epoch_state=59691763
published {"message_id": "e5-pub-T072057Z:e5-20260930T072057Z:48", "seq": 48, "metric": "rtt", "value": 90.1, "timestamp": 1790752908.1608818} mqtt_messages=1 success=1/1 avg_publish_complete_ms=0.396 padding_added=389 epoch_state=59691763
published {"message_id": "e5-pub-T072057Z:e5-20260930T072057Z:49", "seq": 49, "metric": "rtt", "value": 91.1, "timestamp": 1790752909.1608717} mqtt_messages=1 success=1/1 avg_publish_complete_ms=0.393 padding_added=389 epoch_state=59691763
published {"message_id": "e5-pub-T072057Z:e5-20260930T072057Z:50", "seq": 50, "metric": "rtt", "value": 92.1, "timestamp": 1790752910.1608808} mqtt_messages=1 success=1/1 avg_publish_complete_ms=0.462 padding_added=389 epoch_state=59691763
published {"message_id": "e5-pub-T072057Z:e5-20260930T072057Z:51", "seq": 51, "metric": "rtt", "value": 93.1, "timestamp": 1790752911.1608772} mqtt_messages=1 success=1/1 avg_publish_complete_ms=0.383 padding_added=389 epoch_state=59691763
published {"message_id": "e5-pub-T072057Z:e5-20260930T072057Z:52", "seq": 52, "metric": "rtt", "value": 94.1, "timestamp": 1790752912.160821} mqtt_messages=1 success=1/1 avg_publish_complete_ms=0.368 padding_added=390 epoch_state=59691763
published {"message_id": "e5-pub-T072057Z:e5-20260930T072057Z:53", "seq": 53, "metric": "rtt", "value": 95.1, "timestamp": 1790752913.1608286} mqtt_messages=1 success=1/1 avg_publish_complete_ms=0.380 padding_added=389 epoch_state=59691763
published {"message_id": "e5-pub-T072057Z:e5-20260930T072057Z:54", "seq": 54, "metric": "rtt", "value": 96.1, "timestamp": 1790752914.1608684} mqtt_messages=1 success=1/1 avg_publish_complete_ms=0.359 padding_added=389 epoch_state=59691763
published {"message_id": "e5-pub-T072057Z:e5-20260930T072057Z:55", "seq": 55, "metric": "rtt", "value": 97.1, "timestamp": 1790752915.1608946} mqtt_messages=1 success=1/1 avg_publish_complete_ms=0.488 padding_added=389 epoch_state=59691763
published {"message_id": "e5-pub-T072057Z:e5-20260930T072057Z:56", "seq": 56, "metric": "rtt", "value": 98.1, "timestamp": 1790752916.1608956} mqtt_messages=1 success=1/1 avg_publish_complete_ms=0.419 padding_added=389 epoch_state=59691763
published {"message_id": "e5-pub-T072057Z:e5-20260930T072057Z:57", "seq": 57, "metric": "rtt", "value": 99.1, "timestamp": 1790752917.1608794} mqtt_messages=1 success=1/1 avg_publish_complete_ms=0.427 padding_added=389 epoch_state=59691763
published {"message_id": "e5-pub-T072057Z:e5-20260930T072057Z:58", "seq": 58, "metric": "rtt", "value": 100.1, "timestamp": 1790752918.1608868} mqtt_messages=1 success=1/1 avg_publish_complete_ms=0.364 padding_added=388 epoch_state=59691763
published {"message_id": "e5-pub-T072057Z:e5-20260930T072057Z:59", "seq": 59, "metric": "rtt", "value": 101.1, "timestamp": 1790752919.1608756} mqtt_messages=1 success=1/1 avg_publish_complete_ms=0.398 padding_added=388 epoch_state=59691763
published {"message_id": "e5-pub-T072057Z:e5-20260930T072057Z:60", "seq": 60, "metric": "rtt", "value": 102.1, "timestamp": 1790752920.1608994} mqtt_messages=2 success=2/2 avg_publish_complete_ms=0.344 padding_added=776 epoch_state=59691764
published {"message_id": "e5-pub-T072057Z:e5-20260930T072057Z:61", "seq": 61, "metric": "rtt", "value": 103.1, "timestamp": 1790752921.1608877} mqtt_messages=2 success=2/2 avg_publish_complete_ms=0.311 padding_added=776 epoch_state=59691764
published {"message_id": "e5-pub-T072057Z:e5-20260930T072057Z:62", "seq": 62, "metric": "rtt", "value": 104.1, "timestamp": 1790752922.160872} mqtt_messages=2 success=2/2 avg_publish_complete_ms=0.330 padding_added=778 epoch_state=59691764
published {"message_id": "e5-pub-T072057Z:e5-20260930T072057Z:63", "seq": 63, "metric": "rtt", "value": 105.1, "timestamp": 1790752923.1608696} mqtt_messages=2 success=2/2 avg_publish_complete_ms=0.319 padding_added=776 epoch_state=59691764
published {"message_id": "e5-pub-T072057Z:e5-20260930T072057Z:64", "seq": 64, "metric": "rtt", "value": 106.1, "timestamp": 1790752924.1608784} mqtt_messages=2 success=2/2 avg_publish_complete_ms=0.316 padding_added=776 epoch_state=59691764
published {"message_id": "e5-pub-T072057Z:e5-20260930T072057Z:65", "seq": 65, "metric": "rtt", "value": 107.1, "timestamp": 1790752925.1608803} mqtt_messages=1 success=1/1 avg_publish_complete_ms=0.474 padding_added=388 epoch_state=59691764
published {"message_id": "e5-pub-T072057Z:e5-20260930T072057Z:66", "seq": 66, "metric": "rtt", "value": 108.1, "timestamp": 1790752926.160887} mqtt_messages=1 success=1/1 avg_publish_complete_ms=0.425 padding_added=389 epoch_state=59691764
published {"message_id": "e5-pub-T072057Z:e5-20260930T072057Z:67", "seq": 67, "metric": "rtt", "value": 109.1, "timestamp": 1790752927.160866} mqtt_messages=1 success=1/1 avg_publish_complete_ms=0.402 padding_added=389 epoch_state=59691764
published {"message_id": "e5-pub-T072057Z:e5-20260930T072057Z:68", "seq": 68, "metric": "rtt", "value": 110.1, "timestamp": 1790752928.1608732} mqtt_messages=1 success=1/1 avg_publish_complete_ms=0.377 padding_added=388 epoch_state=59691764
published {"message_id": "e5-pub-T072057Z:e5-20260930T072057Z:69", "seq": 69, "metric": "rtt", "value": 111.1, "timestamp": 1790752929.160869} mqtt_messages=1 success=1/1 avg_publish_complete_ms=0.368 padding_added=389 epoch_state=59691764
published {"message_id": "e5-pub-T072057Z:e5-20260930T072057Z:70", "seq": 70, "metric": "rtt", "value": 112.1, "timestamp": 1790752930.1608706} mqtt_messages=1 success=1/1 avg_publish_complete_ms=0.351 padding_added=388 epoch_state=59691764
published {"message_id": "e5-pub-T072057Z:e5-20260930T072057Z:71", "seq": 71, "metric": "rtt", "value": 113.1, "timestamp": 1790752931.160874} mqtt_messages=1 success=1/1 avg_publish_complete_ms=0.385 padding_added=389 epoch_state=59691764
published {"message_id": "e5-pub-T072057Z:e5-20260930T072057Z:72", "seq": 72, "metric": "rtt", "value": 114.1, "timestamp": 1790752932.1608868} mqtt_messages=1 success=1/1 avg_publish_complete_ms=0.331 padding_added=388 epoch_state=59691764
published {"message_id": "e5-pub-T072057Z:e5-20260930T072057Z:73", "seq": 73, "metric": "rtt", "value": 115.1, "timestamp": 1790752933.160829} mqtt_messages=1 success=1/1 avg_publish_complete_ms=0.356 padding_added=389 epoch_state=59691764
published {"message_id": "e5-pub-T072057Z:e5-20260930T072057Z:74", "seq": 74, "metric": "rtt", "value": 116.1, "timestamp": 1790752934.1608753} mqtt_messages=1 success=1/1 avg_publish_complete_ms=0.363 padding_added=388 epoch_state=59691764
published {"message_id": "e5-pub-T072057Z:e5-20260930T072057Z:75", "seq": 75, "metric": "rtt", "value": 117.1, "timestamp": 1790752935.160872} mqtt_messages=1 success=1/1 avg_publish_complete_ms=0.426 padding_added=389 epoch_state=59691764
published {"message_id": "e5-pub-T072057Z:e5-20260930T072057Z:76", "seq": 76, "metric": "rtt", "value": 118.1, "timestamp": 1790752936.1608765} mqtt_messages=1 success=1/1 avg_publish_complete_ms=0.497 padding_added=388 epoch_state=59691764
published {"message_id": "e5-pub-T072057Z:e5-20260930T072057Z:77", "seq": 77, "metric": "rtt", "value": 119.1, "timestamp": 1790752937.16088} mqtt_messages=1 success=1/1 avg_publish_complete_ms=0.379 padding_added=390 epoch_state=59691764
published {"message_id": "e5-pub-T072057Z:e5-20260930T072057Z:78", "seq": 78, "metric": "rtt", "value": 120.1, "timestamp": 1790752938.1608279} mqtt_messages=1 success=1/1 avg_publish_complete_ms=0.388 padding_added=388 epoch_state=59691764
published {"message_id": "e5-pub-T072057Z:e5-20260930T072057Z:79", "seq": 79, "metric": "rtt", "value": 121.1, "timestamp": 1790752939.1608648} mqtt_messages=1 success=1/1 avg_publish_complete_ms=0.402 padding_added=388 epoch_state=59691764
published {"message_id": "e5-pub-T072057Z:e5-20260930T072057Z:80", "seq": 80, "metric": "rtt", "value": 122.1, "timestamp": 1790752940.1608686} mqtt_messages=1 success=1/1 avg_publish_complete_ms=0.371 padding_added=388 epoch_state=59691764
published {"message_id": "e5-pub-T072057Z:e5-20260930T072057Z:81", "seq": 81, "metric": "rtt", "value": 123.1, "timestamp": 1790752941.1608677} mqtt_messages=1 success=1/1 avg_publish_complete_ms=0.345 padding_added=388 epoch_state=59691764
published {"message_id": "e5-pub-T072057Z:e5-20260930T072057Z:82", "seq": 82, "metric": "rtt", "value": 124.1, "timestamp": 1790752942.1608646} mqtt_messages=1 success=1/1 avg_publish_complete_ms=0.363 padding_added=388 epoch_state=59691764
published {"message_id": "e5-pub-T072057Z:e5-20260930T072057Z:83", "seq": 83, "metric": "rtt", "value": 125.1, "timestamp": 1790752943.160867} mqtt_messages=1 success=1/1 avg_publish_complete_ms=0.364 padding_added=389 epoch_state=59691764
published {"message_id": "e5-pub-T072057Z:e5-20260930T072057Z:84", "seq": 84, "metric": "rtt", "value": 126.1, "timestamp": 1790752944.1608548} mqtt_messages=1 success=1/1 avg_publish_complete_ms=0.362 padding_added=388 epoch_state=59691764
published {"message_id": "e5-pub-T072057Z:e5-20260930T072057Z:85", "seq": 85, "metric": "rtt", "value": 127.1, "timestamp": 1790752945.160874} mqtt_messages=1 success=1/1 avg_publish_complete_ms=0.493 padding_added=389 epoch_state=59691764
published {"message_id": "e5-pub-T072057Z:e5-20260930T072057Z:86", "seq": 86, "metric": "rtt", "value": 128.1, "timestamp": 1790752946.1608799} mqtt_messages=1 success=1/1 avg_publish_complete_ms=0.436 padding_added=388 epoch_state=59691764
published {"message_id": "e5-pub-T072057Z:e5-20260930T072057Z:87", "seq": 87, "metric": "rtt", "value": 129.1, "timestamp": 1790752947.1608746} mqtt_messages=1 success=1/1 avg_publish_complete_ms=0.414 padding_added=388 epoch_state=59691764
published {"message_id": "e5-pub-T072057Z:e5-20260930T072057Z:88", "seq": 88, "metric": "rtt", "value": 130.1, "timestamp": 1790752948.1608312} mqtt_messages=1 success=1/1 avg_publish_complete_ms=0.387 padding_added=388 epoch_state=59691764
published {"message_id": "e5-pub-T072057Z:e5-20260930T072057Z:89", "seq": 89, "metric": "rtt", "value": 131.1, "timestamp": 1790752949.160873} mqtt_messages=1 success=1/1 avg_publish_complete_ms=0.366 padding_added=389 epoch_state=59691764
published {"message_id": "e5-pub-T072057Z:e5-20260930T072057Z:90", "seq": 90, "metric": "rtt", "value": 132.1, "timestamp": 1790752950.1608424} mqtt_messages=2 success=2/2 avg_publish_complete_ms=0.347 padding_added=776 epoch_state=59691765
published {"message_id": "e5-pub-T072057Z:e5-20260930T072057Z:91", "seq": 91, "metric": "rtt", "value": 133.1, "timestamp": 1790752951.1608622} mqtt_messages=2 success=2/2 avg_publish_complete_ms=0.329 padding_added=776 epoch_state=59691765
published {"message_id": "e5-pub-T072057Z:e5-20260930T072057Z:92", "seq": 92, "metric": "rtt", "value": 134.1, "timestamp": 1790752952.16088} mqtt_messages=2 success=2/2 avg_publish_complete_ms=0.329 padding_added=780 epoch_state=59691765
published {"message_id": "e5-pub-T072057Z:e5-20260930T072057Z:93", "seq": 93, "metric": "rtt", "value": 135.1, "timestamp": 1790752953.1608667} mqtt_messages=1 success=1/1 avg_publish_complete_ms=0.346 padding_added=388 epoch_state=59691765
published {"message_id": "e5-pub-T072057Z:e5-20260930T072057Z:94", "seq": 94, "metric": "rtt", "value": 136.1, "timestamp": 1790752954.160882} mqtt_messages=1 success=1/1 avg_publish_complete_ms=0.413 padding_added=389 epoch_state=59691765
published {"message_id": "e5-pub-T072057Z:e5-20260930T072057Z:95", "seq": 95, "metric": "rtt", "value": 137.1, "timestamp": 1790752955.1608682} mqtt_messages=1 success=1/1 avg_publish_complete_ms=0.423 padding_added=388 epoch_state=59691765
published {"message_id": "e5-pub-T072057Z:e5-20260930T072057Z:96", "seq": 96, "metric": "rtt", "value": 138.1, "timestamp": 1790752956.1608582} mqtt_messages=1 success=1/1 avg_publish_complete_ms=0.384 padding_added=388 epoch_state=59691765
published {"message_id": "e5-pub-T072057Z:e5-20260930T072057Z:97", "seq": 97, "metric": "rtt", "value": 139.1, "timestamp": 1790752957.16088} mqtt_messages=1 success=1/1 avg_publish_complete_ms=0.388 padding_added=390 epoch_state=59691765
published {"message_id": "e5-pub-T072057Z:e5-20260930T072057Z:98", "seq": 98, "metric": "rtt", "value": 140.1, "timestamp": 1790752958.1608768} mqtt_messages=1 success=1/1 avg_publish_complete_ms=0.415 padding_added=388 epoch_state=59691765
published {"message_id": "e5-pub-T072057Z:e5-20260930T072057Z:99", "seq": 99, "metric": "rtt", "value": 141.1, "timestamp": 1790752959.1608696} mqtt_messages=1 success=1/1 avg_publish_complete_ms=0.397 padding_added=388 epoch_state=59691765
published {"message_id": "e5-pub-T072057Z:e5-20260930T072057Z:100", "seq": 100, "metric": "rtt", "value": 142.1, "timestamp": 1790752960.160866} mqtt_messages=1 success=1/1 avg_publish_complete_ms=0.382 padding_added=387 epoch_state=59691765
published {"message_id": "e5-pub-T072057Z:e5-20260930T072057Z:101", "seq": 101, "metric": "rtt", "value": 143.1, "timestamp": 1790752961.1608617} mqtt_messages=1 success=1/1 avg_publish_complete_ms=0.362 padding_added=386 epoch_state=59691765
published {"message_id": "e5-pub-T072057Z:e5-20260930T072057Z:102", "seq": 102, "metric": "rtt", "value": 144.1, "timestamp": 1790752962.1608863} mqtt_messages=1 success=1/1 avg_publish_complete_ms=0.381 padding_added=386 epoch_state=59691765
published {"message_id": "e5-pub-T072057Z:e5-20260930T072057Z:103", "seq": 103, "metric": "rtt", "value": 145.1, "timestamp": 1790752963.160877} mqtt_messages=1 success=1/1 avg_publish_complete_ms=0.377 padding_added=387 epoch_state=59691765
published {"message_id": "e5-pub-T072057Z:e5-20260930T072057Z:104", "seq": 104, "metric": "rtt", "value": 146.1, "timestamp": 1790752964.160898} mqtt_messages=1 success=1/1 avg_publish_complete_ms=0.475 padding_added=387 epoch_state=59691765
published {"message_id": "e5-pub-T072057Z:e5-20260930T072057Z:105", "seq": 105, "metric": "rtt", "value": 147.1, "timestamp": 1790752965.1608782} mqtt_messages=1 success=1/1 avg_publish_complete_ms=0.400 padding_added=386 epoch_state=59691765
published {"message_id": "e5-pub-T072057Z:e5-20260930T072057Z:106", "seq": 106, "metric": "rtt", "value": 148.1, "timestamp": 1790752966.160869} mqtt_messages=1 success=1/1 avg_publish_complete_ms=0.385 padding_added=387 epoch_state=59691765
published {"message_id": "e5-pub-T072057Z:e5-20260930T072057Z:107", "seq": 107, "metric": "rtt", "value": 149.1, "timestamp": 1790752967.1608696} mqtt_messages=1 success=1/1 avg_publish_complete_ms=0.414 padding_added=386 epoch_state=59691765
published {"message_id": "e5-pub-T072057Z:e5-20260930T072057Z:108", "seq": 108, "metric": "rtt", "value": 150.1, "timestamp": 1790752968.1608775} mqtt_messages=1 success=1/1 avg_publish_complete_ms=0.393 padding_added=386 epoch_state=59691765
published {"message_id": "e5-pub-T072057Z:e5-20260930T072057Z:109", "seq": 109, "metric": "rtt", "value": 151.1, "timestamp": 1790752969.1608775} mqtt_messages=1 success=1/1 avg_publish_complete_ms=0.376 padding_added=386 epoch_state=59691765
published {"message_id": "e5-pub-T072057Z:e5-20260930T072057Z:110", "seq": 110, "metric": "rtt", "value": 152.1, "timestamp": 1790752970.1608727} mqtt_messages=1 success=1/1 avg_publish_complete_ms=0.425 padding_added=386 epoch_state=59691765
published {"message_id": "e5-pub-T072057Z:e5-20260930T072057Z:111", "seq": 111, "metric": "rtt", "value": 153.1, "timestamp": 1790752971.1608646} mqtt_messages=1 success=1/1 avg_publish_complete_ms=0.364 padding_added=386 epoch_state=59691765
published {"message_id": "e5-pub-T072057Z:e5-20260930T072057Z:112", "seq": 112, "metric": "rtt", "value": 154.1, "timestamp": 1790752972.1608891} mqtt_messages=1 success=1/1 avg_publish_complete_ms=0.372 padding_added=386 epoch_state=59691765
published {"message_id": "e5-pub-T072057Z:e5-20260930T072057Z:113", "seq": 113, "metric": "rtt", "value": 155.1, "timestamp": 1790752973.1608355} mqtt_messages=1 success=1/1 avg_publish_complete_ms=0.361 padding_added=386 epoch_state=59691765
published {"message_id": "e5-pub-T072057Z:e5-20260930T072057Z:114", "seq": 114, "metric": "rtt", "value": 156.1, "timestamp": 1790752974.1609237} mqtt_messages=1 success=1/1 avg_publish_complete_ms=0.390 padding_added=386 epoch_state=59691765
published {"message_id": "e5-pub-T072057Z:e5-20260930T072057Z:115", "seq": 115, "metric": "rtt", "value": 157.1, "timestamp": 1790752975.1608994} mqtt_messages=1 success=1/1 avg_publish_complete_ms=0.388 padding_added=386 epoch_state=59691765
published {"message_id": "e5-pub-T072057Z:e5-20260930T072057Z:116", "seq": 116, "metric": "rtt", "value": 158.1, "timestamp": 1790752976.1608686} mqtt_messages=1 success=1/1 avg_publish_complete_ms=0.385 padding_added=386 epoch_state=59691765
published {"message_id": "e5-pub-T072057Z:e5-20260930T072057Z:117", "seq": 117, "metric": "rtt", "value": 159.1, "timestamp": 1790752977.1608562} mqtt_messages=1 success=1/1 avg_publish_complete_ms=0.383 padding_added=386 epoch_state=59691765
published {"message_id": "e5-pub-T072057Z:e5-20260930T072057Z:118", "seq": 118, "metric": "rtt", "value": 160.1, "timestamp": 1790752978.1608868} mqtt_messages=1 success=1/1 avg_publish_complete_ms=0.374 padding_added=386 epoch_state=59691765
published {"message_id": "e5-pub-T072057Z:e5-20260930T072057Z:119", "seq": 119, "metric": "rtt", "value": 161.1, "timestamp": 1790752979.160877} mqtt_messages=1 success=1/1 avg_publish_complete_ms=0.383 padding_added=387 epoch_state=59691765
published {"message_id": "e5-pub-T072057Z:e5-20260930T072057Z:120", "seq": 120, "metric": "rtt", "value": 162.1, "timestamp": 1790752980.1608732} mqtt_messages=2 success=2/2 avg_publish_complete_ms=0.347 padding_added=772 epoch_state=59691766
published {"message_id": "e5-pub-T072057Z:e5-20260930T072057Z:121", "seq": 121, "metric": "rtt", "value": 163.1, "timestamp": 1790752981.1608691} mqtt_messages=2 success=2/2 avg_publish_complete_ms=0.322 padding_added=772 epoch_state=59691766
published {"message_id": "e5-pub-T072057Z:e5-20260930T072057Z:122", "seq": 122, "metric": "rtt", "value": 164.1, "timestamp": 1790752982.1608672} mqtt_messages=2 success=2/2 avg_publish_complete_ms=0.327 padding_added=772 epoch_state=59691766
published {"message_id": "e5-pub-T072057Z:e5-20260930T072057Z:123", "seq": 123, "metric": "rtt", "value": 165.1, "timestamp": 1790752983.1608593} mqtt_messages=1 success=1/1 avg_publish_complete_ms=0.358 padding_added=386 epoch_state=59691766
published {"message_id": "e5-pub-T072057Z:e5-20260930T072057Z:124", "seq": 124, "metric": "rtt", "value": 166.1, "timestamp": 1790752984.160848} mqtt_messages=1 success=1/1 avg_publish_complete_ms=0.426 padding_added=387 epoch_state=59691766
published {"message_id": "e5-pub-T072057Z:e5-20260930T072057Z:125", "seq": 125, "metric": "rtt", "value": 167.1, "timestamp": 1790752985.1608741} mqtt_messages=1 success=1/1 avg_publish_complete_ms=0.421 padding_added=386 epoch_state=59691766
published {"message_id": "e5-pub-T072057Z:e5-20260930T072057Z:126", "seq": 126, "metric": "rtt", "value": 168.1, "timestamp": 1790752986.1608741} mqtt_messages=1 success=1/1 avg_publish_complete_ms=0.400 padding_added=386 epoch_state=59691766
published {"message_id": "e5-pub-T072057Z:e5-20260930T072057Z:127", "seq": 127, "metric": "rtt", "value": 169.1, "timestamp": 1790752987.1608617} mqtt_messages=1 success=1/1 avg_publish_complete_ms=0.389 padding_added=386 epoch_state=59691766
published {"message_id": "e5-pub-T072057Z:e5-20260930T072057Z:128", "seq": 128, "metric": "rtt", "value": 170.1, "timestamp": 1790752988.16095} mqtt_messages=1 success=1/1 avg_publish_complete_ms=0.363 padding_added=388 epoch_state=59691766
published {"message_id": "e5-pub-T072057Z:e5-20260930T072057Z:129", "seq": 129, "metric": "rtt", "value": 171.1, "timestamp": 1790752989.1608794} mqtt_messages=1 success=1/1 avg_publish_complete_ms=0.374 padding_added=386 epoch_state=59691766
published {"message_id": "e5-pub-T072057Z:e5-20260930T072057Z:130", "seq": 130, "metric": "rtt", "value": 172.1, "timestamp": 1790752990.1608384} mqtt_messages=1 success=1/1 avg_publish_complete_ms=0.389 padding_added=386 epoch_state=59691766
published {"message_id": "e5-pub-T072057Z:e5-20260930T072057Z:131", "seq": 131, "metric": "rtt", "value": 173.1, "timestamp": 1790752991.1608646} mqtt_messages=1 success=1/1 avg_publish_complete_ms=0.400 padding_added=386 epoch_state=59691766
published {"message_id": "e5-pub-T072057Z:e5-20260930T072057Z:132", "seq": 132, "metric": "rtt", "value": 174.1, "timestamp": 1790752992.160862} mqtt_messages=1 success=1/1 avg_publish_complete_ms=0.390 padding_added=387 epoch_state=59691766
published {"message_id": "e5-pub-T072057Z:e5-20260930T072057Z:133", "seq": 133, "metric": "rtt", "value": 175.1, "timestamp": 1790752993.1608758} mqtt_messages=1 success=1/1 avg_publish_complete_ms=0.435 padding_added=386 epoch_state=59691766
published {"message_id": "e5-pub-T072057Z:e5-20260930T072057Z:134", "seq": 134, "metric": "rtt", "value": 176.1, "timestamp": 1790752994.1608768} mqtt_messages=1 success=1/1 avg_publish_complete_ms=0.380 padding_added=386 epoch_state=59691766
published {"message_id": "e5-pub-T072057Z:e5-20260930T072057Z:135", "seq": 135, "metric": "rtt", "value": 177.1, "timestamp": 1790752995.160871} mqtt_messages=1 success=1/1 avg_publish_complete_ms=0.378 padding_added=387 epoch_state=59691766
published {"message_id": "e5-pub-T072057Z:e5-20260930T072057Z:136", "seq": 136, "metric": "rtt", "value": 178.1, "timestamp": 1790752996.1608684} mqtt_messages=1 success=1/1 avg_publish_complete_ms=0.375 padding_added=386 epoch_state=59691766
published {"message_id": "e5-pub-T072057Z:e5-20260930T072057Z:137", "seq": 137, "metric": "rtt", "value": 179.1, "timestamp": 1790752997.1608603} mqtt_messages=1 success=1/1 avg_publish_complete_ms=0.375 padding_added=386 epoch_state=59691766
published {"message_id": "e5-pub-T072057Z:e5-20260930T072057Z:138", "seq": 138, "metric": "rtt", "value": 180.1, "timestamp": 1790752998.1608682} mqtt_messages=1 success=1/1 avg_publish_complete_ms=0.393 padding_added=386 epoch_state=59691766
published {"message_id": "e5-pub-T072057Z:e5-20260930T072057Z:139", "seq": 139, "metric": "rtt", "value": 181.1, "timestamp": 1790752999.1608684} mqtt_messages=1 success=1/1 avg_publish_complete_ms=0.406 padding_added=386 epoch_state=59691766
published {"message_id": "e5-pub-T072057Z:e5-20260930T072057Z:140", "seq": 140, "metric": "rtt", "value": 182.1, "timestamp": 1790753000.160861} mqtt_messages=1 success=1/1 avg_publish_complete_ms=0.390 padding_added=387 epoch_state=59691766
published {"message_id": "e5-pub-T072057Z:e5-20260930T072057Z:141", "seq": 141, "metric": "rtt", "value": 183.1, "timestamp": 1790753001.1608667} mqtt_messages=1 success=1/1 avg_publish_complete_ms=0.371 padding_added=386 epoch_state=59691766
published {"message_id": "e5-pub-T072057Z:e5-20260930T072057Z:142", "seq": 142, "metric": "rtt", "value": 184.1, "timestamp": 1790753002.1608794} mqtt_messages=1 success=1/1 avg_publish_complete_ms=0.346 padding_added=386 epoch_state=59691766
published {"message_id": "e5-pub-T072057Z:e5-20260930T072057Z:143", "seq": 143, "metric": "rtt", "value": 185.1, "timestamp": 1790753003.1608982} mqtt_messages=1 success=1/1 avg_publish_complete_ms=0.356 padding_added=386 epoch_state=59691766
published {"message_id": "e5-pub-T072057Z:e5-20260930T072057Z:144", "seq": 144, "metric": "rtt", "value": 186.1, "timestamp": 1790753004.160882} mqtt_messages=1 success=1/1 avg_publish_complete_ms=0.375 padding_added=387 epoch_state=59691766
published {"message_id": "e5-pub-T072057Z:e5-20260930T072057Z:145", "seq": 145, "metric": "rtt", "value": 187.1, "timestamp": 1790753005.160891} mqtt_messages=1 success=1/1 avg_publish_complete_ms=0.443 padding_added=387 epoch_state=59691766
published {"message_id": "e5-pub-T072057Z:e5-20260930T072057Z:146", "seq": 146, "metric": "rtt", "value": 188.1, "timestamp": 1790753006.1608737} mqtt_messages=1 success=1/1 avg_publish_complete_ms=0.386 padding_added=386 epoch_state=59691766
published {"message_id": "e5-pub-T072057Z:e5-20260930T072057Z:147", "seq": 147, "metric": "rtt", "value": 189.1, "timestamp": 1790753007.160872} mqtt_messages=1 success=1/1 avg_publish_complete_ms=0.389 padding_added=387 epoch_state=59691766
published {"message_id": "e5-pub-T072057Z:e5-20260930T072057Z:148", "seq": 148, "metric": "rtt", "value": 190.1, "timestamp": 1790753008.160877} mqtt_messages=1 success=1/1 avg_publish_complete_ms=0.376 padding_added=387 epoch_state=59691766
published {"message_id": "e5-pub-T072057Z:e5-20260930T072057Z:149", "seq": 149, "metric": "rtt", "value": 191.1, "timestamp": 1790753009.160883} mqtt_messages=1 success=1/1 avg_publish_complete_ms=0.364 padding_added=387 epoch_state=59691766
published {"message_id": "e5-pub-T072057Z:e5-20260930T072057Z:150", "seq": 150, "metric": "rtt", "value": 192.1, "timestamp": 1790753010.1608775} mqtt_messages=2 success=2/2 avg_publish_complete_ms=0.320 padding_added=772 epoch_state=59691767
published {"message_id": "e5-pub-T072057Z:e5-20260930T072057Z:151", "seq": 151, "metric": "rtt", "value": 193.1, "timestamp": 1790753011.1608765} mqtt_messages=2 success=2/2 avg_publish_complete_ms=0.329 padding_added=772 epoch_state=59691767
published {"message_id": "e5-pub-T072057Z:e5-20260930T072057Z:152", "seq": 152, "metric": "rtt", "value": 194.1, "timestamp": 1790753012.1608634} mqtt_messages=2 success=2/2 avg_publish_complete_ms=0.438 padding_added=772 epoch_state=59691767
published {"message_id": "e5-pub-T072057Z:e5-20260930T072057Z:153", "seq": 153, "metric": "rtt", "value": 195.1, "timestamp": 1790753013.160863} mqtt_messages=1 success=1/1 avg_publish_complete_ms=0.398 padding_added=387 epoch_state=59691767
published {"message_id": "e5-pub-T072057Z:e5-20260930T072057Z:154", "seq": 154, "metric": "rtt", "value": 196.1, "timestamp": 1790753014.1608906} mqtt_messages=1 success=1/1 avg_publish_complete_ms=0.391 padding_added=386 epoch_state=59691767
published {"message_id": "e5-pub-T072057Z:e5-20260930T072057Z:155", "seq": 155, "metric": "rtt", "value": 197.1, "timestamp": 1790753015.160877} mqtt_messages=1 success=1/1 avg_publish_complete_ms=0.457 padding_added=387 epoch_state=59691767
published {"message_id": "e5-pub-T072057Z:e5-20260930T072057Z:156", "seq": 156, "metric": "rtt", "value": 198.1, "timestamp": 1790753016.1608617} mqtt_messages=1 success=1/1 avg_publish_complete_ms=0.386 padding_added=386 epoch_state=59691767
published {"message_id": "e5-pub-T072057Z:e5-20260930T072057Z:157", "seq": 157, "metric": "rtt", "value": 199.1, "timestamp": 1790753017.1608658} mqtt_messages=1 success=1/1 avg_publish_complete_ms=0.383 padding_added=386 epoch_state=59691767
published {"message_id": "e5-pub-T072057Z:e5-20260930T072057Z:158", "seq": 158, "metric": "rtt", "value": 200.1, "timestamp": 1790753018.160862} mqtt_messages=1 success=1/1 avg_publish_complete_ms=0.389 padding_added=387 epoch_state=59691767
published {"message_id": "e5-pub-T072057Z:e5-20260930T072057Z:159", "seq": 159, "metric": "rtt", "value": 201.1, "timestamp": 1790753019.1609051} mqtt_messages=1 success=1/1 avg_publish_complete_ms=0.385 padding_added=386 epoch_state=59691767
published {"message_id": "e5-pub-T072057Z:e5-20260930T072057Z:160", "seq": 160, "metric": "rtt", "value": 202.1, "timestamp": 1790753020.1608853} mqtt_messages=1 success=1/1 avg_publish_complete_ms=0.354 padding_added=386 epoch_state=59691767
published {"message_id": "e5-pub-T072057Z:e5-20260930T072057Z:161", "seq": 161, "metric": "rtt", "value": 203.1, "timestamp": 1790753021.160871} mqtt_messages=1 success=1/1 avg_publish_complete_ms=0.366 padding_added=387 epoch_state=59691767
published {"message_id": "e5-pub-T072057Z:e5-20260930T072057Z:162", "seq": 162, "metric": "rtt", "value": 204.1, "timestamp": 1790753022.1608791} mqtt_messages=1 success=1/1 avg_publish_complete_ms=0.359 padding_added=386 epoch_state=59691767
published {"message_id": "e5-pub-T072057Z:e5-20260930T072057Z:163", "seq": 163, "metric": "rtt", "value": 205.1, "timestamp": 1790753023.1608672} mqtt_messages=1 success=1/1 avg_publish_complete_ms=0.381 padding_added=386 epoch_state=59691767
published {"message_id": "e5-pub-T072057Z:e5-20260930T072057Z:164", "seq": 164, "metric": "rtt", "value": 206.1, "timestamp": 1790753024.160894} mqtt_messages=1 success=1/1 avg_publish_complete_ms=0.378 padding_added=387 epoch_state=59691767
published {"message_id": "e5-pub-T072057Z:e5-20260930T072057Z:165", "seq": 165, "metric": "rtt", "value": 207.1, "timestamp": 1790753025.1608794} mqtt_messages=1 success=1/1 avg_publish_complete_ms=0.388 padding_added=386 epoch_state=59691767
published {"message_id": "e5-pub-T072057Z:e5-20260930T072057Z:166", "seq": 166, "metric": "rtt", "value": 208.1, "timestamp": 1790753026.1608713} mqtt_messages=1 success=1/1 avg_publish_complete_ms=0.378 padding_added=386 epoch_state=59691767
published {"message_id": "e5-pub-T072057Z:e5-20260930T072057Z:167", "seq": 167, "metric": "rtt", "value": 209.1, "timestamp": 1790753027.1608686} mqtt_messages=1 success=1/1 avg_publish_complete_ms=0.391 padding_added=386 epoch_state=59691767
published {"message_id": "e5-pub-T072057Z:e5-20260930T072057Z:168", "seq": 168, "metric": "rtt", "value": 210.1, "timestamp": 1790753028.1608677} mqtt_messages=1 success=1/1 avg_publish_complete_ms=0.385 padding_added=386 epoch_state=59691767
published {"message_id": "e5-pub-T072057Z:e5-20260930T072057Z:169", "seq": 169, "metric": "rtt", "value": 211.1, "timestamp": 1790753029.1608624} mqtt_messages=1 success=1/1 avg_publish_complete_ms=0.426 padding_added=386 epoch_state=59691767
published {"message_id": "e5-pub-T072057Z:e5-20260930T072057Z:170", "seq": 170, "metric": "rtt", "value": 212.1, "timestamp": 1790753030.1608896} mqtt_messages=1 success=1/1 avg_publish_complete_ms=0.395 padding_added=386 epoch_state=59691767
published {"message_id": "e5-pub-T072057Z:e5-20260930T072057Z:171", "seq": 171, "metric": "rtt", "value": 213.1, "timestamp": 1790753031.1608799} mqtt_messages=1 success=1/1 avg_publish_complete_ms=0.363 padding_added=386 epoch_state=59691767
published {"message_id": "e5-pub-T072057Z:e5-20260930T072057Z:172", "seq": 172, "metric": "rtt", "value": 214.1, "timestamp": 1790753032.1608737} mqtt_messages=1 success=1/1 avg_publish_complete_ms=0.357 padding_added=386 epoch_state=59691767
published {"message_id": "e5-pub-T072057Z:e5-20260930T072057Z:173", "seq": 173, "metric": "rtt", "value": 215.1, "timestamp": 1790753033.160865} mqtt_messages=1 success=1/1 avg_publish_complete_ms=0.357 padding_added=387 epoch_state=59691767
published {"message_id": "e5-pub-T072057Z:e5-20260930T072057Z:174", "seq": 174, "metric": "rtt", "value": 216.1, "timestamp": 1790753034.1608758} mqtt_messages=1 success=1/1 avg_publish_complete_ms=0.391 padding_added=386 epoch_state=59691767
published {"message_id": "e5-pub-T072057Z:e5-20260930T072057Z:175", "seq": 175, "metric": "rtt", "value": 217.1, "timestamp": 1790753035.1608706} mqtt_messages=1 success=1/1 avg_publish_complete_ms=0.452 padding_added=386 epoch_state=59691767
published {"message_id": "e5-pub-T072057Z:e5-20260930T072057Z:176", "seq": 176, "metric": "rtt", "value": 218.1, "timestamp": 1790753036.1609063} mqtt_messages=1 success=1/1 avg_publish_complete_ms=0.418 padding_added=386 epoch_state=59691767
published {"message_id": "e5-pub-T072057Z:e5-20260930T072057Z:177", "seq": 177, "metric": "rtt", "value": 219.1, "timestamp": 1790753037.160836} mqtt_messages=1 success=1/1 avg_publish_complete_ms=0.393 padding_added=387 epoch_state=59691767
published {"message_id": "e5-pub-T072057Z:e5-20260930T072057Z:178", "seq": 178, "metric": "rtt", "value": 220.1, "timestamp": 1790753038.1608703} mqtt_messages=1 success=1/1 avg_publish_complete_ms=0.432 padding_added=386 epoch_state=59691767
published {"message_id": "e5-pub-T072057Z:e5-20260930T072057Z:179", "seq": 179, "metric": "rtt", "value": 221.1, "timestamp": 1790753039.160864} mqtt_messages=1 success=1/1 avg_publish_complete_ms=0.382 padding_added=387 epoch_state=59691767
published {"message_id": "e5-pub-T072057Z:e5-20260930T072057Z:180", "seq": 180, "metric": "rtt", "value": 222.1, "timestamp": 1790753040.1608865} mqtt_messages=2 success=2/2 avg_publish_complete_ms=0.373 padding_added=772 epoch_state=59691768
published {"message_id": "e5-pub-T072057Z:e5-20260930T072057Z:181", "seq": 181, "metric": "rtt", "value": 223.1, "timestamp": 1790753041.1608858} mqtt_messages=2 success=2/2 avg_publish_complete_ms=0.313 padding_added=772 epoch_state=59691768
published {"message_id": "e5-pub-T072057Z:e5-20260930T072057Z:182", "seq": 182, "metric": "rtt", "value": 224.1, "timestamp": 1790753042.1608212} mqtt_messages=2 success=2/2 avg_publish_complete_ms=0.321 padding_added=772 epoch_state=59691768
published {"message_id": "e5-pub-T072057Z:e5-20260930T072057Z:183", "seq": 183, "metric": "rtt", "value": 225.1, "timestamp": 1790753043.1608758} mqtt_messages=1 success=1/1 avg_publish_complete_ms=0.370 padding_added=386 epoch_state=59691768
published {"message_id": "e5-pub-T072057Z:e5-20260930T072057Z:184", "seq": 184, "metric": "rtt", "value": 226.1, "timestamp": 1790753044.1608665} mqtt_messages=1 success=1/1 avg_publish_complete_ms=0.372 padding_added=386 epoch_state=59691768
published {"message_id": "e5-pub-T072057Z:e5-20260930T072057Z:185", "seq": 185, "metric": "rtt", "value": 227.1, "timestamp": 1790753045.160875} mqtt_messages=1 success=1/1 avg_publish_complete_ms=0.422 padding_added=387 epoch_state=59691768
published {"message_id": "e5-pub-T072057Z:e5-20260930T072057Z:186", "seq": 186, "metric": "rtt", "value": 228.1, "timestamp": 1790753046.1608922} mqtt_messages=1 success=1/1 avg_publish_complete_ms=0.419 padding_added=386 epoch_state=59691768
published {"message_id": "e5-pub-T072057Z:e5-20260930T072057Z:187", "seq": 187, "metric": "rtt", "value": 229.1, "timestamp": 1790753047.1608715} mqtt_messages=1 success=1/1 avg_publish_complete_ms=0.396 padding_added=386 epoch_state=59691768
published {"message_id": "e5-pub-T072057Z:e5-20260930T072057Z:188", "seq": 188, "metric": "rtt", "value": 230.1, "timestamp": 1790753048.1608768} mqtt_messages=1 success=1/1 avg_publish_complete_ms=0.418 padding_added=386 epoch_state=59691768
publish summary:
  total MQTT messages: 216
  success:             216
  failed:              0
  success_rate:        1.000
  avg_complete_ms:     0.383
  p95_complete_ms:     0.464
  reconnect_count:     0
  pacing_mode:         fixed-rate
  pacing_deadline_miss:0
  pacing_late_max_ms:  0.000
Traceback (most recent call last):
  File "/home/ogawa/aomqtt-paper-artifact/software/aomqtt-v1.3.7/examples/publisher_example.py", line 275, in <module>
    main()
  File "/home/ogawa/aomqtt-paper-artifact/software/aomqtt-v1.3.7/examples/publisher_example.py", line 206, in main
    time.sleep(remaining)
KeyboardInterrupt
